../Core/Src/tim.c:33:6:MX_TIM1_Init	96	static
../Core/Src/tim.c:106:6:MX_TIM2_Init	48	static
../Core/Src/tim.c:167:6:MX_TIM3_Init	48	static
../Core/Src/tim.c:211:6:MX_TIM10_Init	8	static
../Core/Src/tim.c:237:6:HAL_TIM_IC_MspInit	48	static
../Core/Src/tim.c:269:6:HAL_TIM_Base_MspInit	56	static
../Core/Src/tim.c:322:6:HAL_TIM_PWM_MspInit	24	static
../Core/Src/tim.c:341:6:HAL_TIM_MspPostInit	48	static
../Core/Src/tim.c:389:6:HAL_TIM_IC_MspDeInit	16	static
../Core/Src/tim.c:414:6:HAL_TIM_Base_MspDeInit	16	static
../Core/Src/tim.c:453:6:HAL_TIM_PWM_MspDeInit	16	static
