Archive member included to satisfy reference by file (symbol)

C:/ST/STM32CubeIDE_1.16.0/STM32CubeIDE/plugins/com.st.stm32cube.ide.mcu.externaltools.gnu-tools-for-stm32.12.3.rel1.win32_1.0.200.202406191623/tools/bin/../lib/gcc/arm-none-eabi/12.3.1/../../../../arm-none-eabi/lib/thumb/v7e-m+fp/hard\libc_nano.a(libc_a-exit.o)
                              C:/ST/STM32CubeIDE_1.16.0/STM32CubeIDE/plugins/com.st.stm32cube.ide.mcu.externaltools.gnu-tools-for-stm32.12.3.rel1.win32_1.0.200.202406191623/tools/bin/../lib/gcc/arm-none-eabi/12.3.1/../../../../arm-none-eabi/lib/thumb/v7e-m+fp/hard/crt0.o (exit)
C:/ST/STM32CubeIDE_1.16.0/STM32CubeIDE/plugins/com.st.stm32cube.ide.mcu.externaltools.gnu-tools-for-stm32.12.3.rel1.win32_1.0.200.202406191623/tools/bin/../lib/gcc/arm-none-eabi/12.3.1/../../../../arm-none-eabi/lib/thumb/v7e-m+fp/hard\libc_nano.a(libc_a-findfp.o)
                              ./Middlewares/Third_Party/FreeRTOS/Source/tasks.o (__sf)
C:/ST/STM32CubeIDE_1.16.0/STM32CubeIDE/plugins/com.st.stm32cube.ide.mcu.externaltools.gnu-tools-for-stm32.12.3.rel1.win32_1.0.200.202406191623/tools/bin/../lib/gcc/arm-none-eabi/12.3.1/../../../../arm-none-eabi/lib/thumb/v7e-m+fp/hard\libc_nano.a(libc_a-fwalk.o)
                              C:/ST/STM32CubeIDE_1.16.0/STM32CubeIDE/plugins/com.st.stm32cube.ide.mcu.externaltools.gnu-tools-for-stm32.12.3.rel1.win32_1.0.200.202406191623/tools/bin/../lib/gcc/arm-none-eabi/12.3.1/../../../../arm-none-eabi/lib/thumb/v7e-m+fp/hard\libc_nano.a(libc_a-findfp.o) (_fwalk_sglue)
C:/ST/STM32CubeIDE_1.16.0/STM32CubeIDE/plugins/com.st.stm32cube.ide.mcu.externaltools.gnu-tools-for-stm32.12.3.rel1.win32_1.0.200.202406191623/tools/bin/../lib/gcc/arm-none-eabi/12.3.1/../../../../arm-none-eabi/lib/thumb/v7e-m+fp/hard\libc_nano.a(libc_a-stdio.o)
                              C:/ST/STM32CubeIDE_1.16.0/STM32CubeIDE/plugins/com.st.stm32cube.ide.mcu.externaltools.gnu-tools-for-stm32.12.3.rel1.win32_1.0.200.202406191623/tools/bin/../lib/gcc/arm-none-eabi/12.3.1/../../../../arm-none-eabi/lib/thumb/v7e-m+fp/hard\libc_nano.a(libc_a-findfp.o) (__sread)
C:/ST/STM32CubeIDE_1.16.0/STM32CubeIDE/plugins/com.st.stm32cube.ide.mcu.externaltools.gnu-tools-for-stm32.12.3.rel1.win32_1.0.200.202406191623/tools/bin/../lib/gcc/arm-none-eabi/12.3.1/../../../../arm-none-eabi/lib/thumb/v7e-m+fp/hard\libc_nano.a(libc_a-memset.o)
                              C:/ST/STM32CubeIDE_1.16.0/STM32CubeIDE/plugins/com.st.stm32cube.ide.mcu.externaltools.gnu-tools-for-stm32.12.3.rel1.win32_1.0.200.202406191623/tools/bin/../lib/gcc/arm-none-eabi/12.3.1/../../../../arm-none-eabi/lib/thumb/v7e-m+fp/hard/crt0.o (memset)
C:/ST/STM32CubeIDE_1.16.0/STM32CubeIDE/plugins/com.st.stm32cube.ide.mcu.externaltools.gnu-tools-for-stm32.12.3.rel1.win32_1.0.200.202406191623/tools/bin/../lib/gcc/arm-none-eabi/12.3.1/../../../../arm-none-eabi/lib/thumb/v7e-m+fp/hard\libc_nano.a(libc_a-closer.o)
                              C:/ST/STM32CubeIDE_1.16.0/STM32CubeIDE/plugins/com.st.stm32cube.ide.mcu.externaltools.gnu-tools-for-stm32.12.3.rel1.win32_1.0.200.202406191623/tools/bin/../lib/gcc/arm-none-eabi/12.3.1/../../../../arm-none-eabi/lib/thumb/v7e-m+fp/hard\libc_nano.a(libc_a-stdio.o) (_close_r)
C:/ST/STM32CubeIDE_1.16.0/STM32CubeIDE/plugins/com.st.stm32cube.ide.mcu.externaltools.gnu-tools-for-stm32.12.3.rel1.win32_1.0.200.202406191623/tools/bin/../lib/gcc/arm-none-eabi/12.3.1/../../../../arm-none-eabi/lib/thumb/v7e-m+fp/hard\libc_nano.a(libc_a-reent.o)
                              ./Middlewares/Third_Party/FreeRTOS/Source/tasks.o (_reclaim_reent)
C:/ST/STM32CubeIDE_1.16.0/STM32CubeIDE/plugins/com.st.stm32cube.ide.mcu.externaltools.gnu-tools-for-stm32.12.3.rel1.win32_1.0.200.202406191623/tools/bin/../lib/gcc/arm-none-eabi/12.3.1/../../../../arm-none-eabi/lib/thumb/v7e-m+fp/hard\libc_nano.a(libc_a-impure.o)
                              ./Middlewares/Third_Party/FreeRTOS/Source/tasks.o (_impure_ptr)
C:/ST/STM32CubeIDE_1.16.0/STM32CubeIDE/plugins/com.st.stm32cube.ide.mcu.externaltools.gnu-tools-for-stm32.12.3.rel1.win32_1.0.200.202406191623/tools/bin/../lib/gcc/arm-none-eabi/12.3.1/../../../../arm-none-eabi/lib/thumb/v7e-m+fp/hard\libc_nano.a(libc_a-lseekr.o)
                              C:/ST/STM32CubeIDE_1.16.0/STM32CubeIDE/plugins/com.st.stm32cube.ide.mcu.externaltools.gnu-tools-for-stm32.12.3.rel1.win32_1.0.200.202406191623/tools/bin/../lib/gcc/arm-none-eabi/12.3.1/../../../../arm-none-eabi/lib/thumb/v7e-m+fp/hard\libc_nano.a(libc_a-stdio.o) (_lseek_r)
C:/ST/STM32CubeIDE_1.16.0/STM32CubeIDE/plugins/com.st.stm32cube.ide.mcu.externaltools.gnu-tools-for-stm32.12.3.rel1.win32_1.0.200.202406191623/tools/bin/../lib/gcc/arm-none-eabi/12.3.1/../../../../arm-none-eabi/lib/thumb/v7e-m+fp/hard\libc_nano.a(libc_a-readr.o)
[...]
Memory Configuration

Name             Origin             Length             Attributes
RAM              0x20000000         0x00020000         xrw
FLASH            0x08000000         0x00080000         xr
*default*        0x00000000         0xffffffff

Linker script and memory map

LOAD C:/ST/STM32CubeIDE_1.16.0/STM32CubeIDE/plugins/com.st.stm32cube.ide.mcu.externaltools.gnu-tools-for-stm32.12.3.rel1.win32_1.0.200.202406191623/tools/bin/../lib/gcc/arm-none-eabi/12.3.1/thumb/v7e-m+fp/hard/crti.o
LOAD C:/ST/STM32CubeIDE_1.16.0/STM32CubeIDE/plugins/com.st.stm32cube.ide.mcu.externaltools.gnu-tools-for-stm32.12.3.rel1.win32_1.0.200.202406191623/tools/bin/../lib/gcc/arm-none-eabi/12.3.1/thumb/v7e-m+fp/hard/crtbegin.o
LOAD C:/ST/STM32CubeIDE_1.16.0/STM32CubeIDE/plugins/com.st.stm32cube.ide.mcu.externaltools.gnu-tools-for-stm32.12.3.rel1.win32_1.0.200.202406191623/tools/bin/../lib/gcc/arm-none-eabi/12.3.1/../../../../arm-none-eabi/lib/thumb/v7e-m+fp/hard/crt0.o
LOAD ./Core/Src/dma.o
LOAD ./Core/Src/freertos.o
LOAD ./Core/Src/gpio.o
LOAD ./Core/Src/main.o
LOAD ./Core/Src/stm32f4xx_hal_msp.o
LOAD ./Core/Src/stm32f4xx_hal_timebase_tim.o
LOAD ./Core/Src/stm32f4xx_it.o
LOAD ./Core/Src/syscalls.o
LOAD ./Core/Src/sysmem.o
LOAD ./Core/Src/system_stm32f4xx.o
LOAD ./Core/Src/tim.o
LOAD ./Core/Src/usart.o
LOAD ./Core/Startup/startup_stm32f411retx.o
LOAD ./Drivers/STM32F4xx_HAL_Driver/Src/stm32f4xx_hal.o
LOAD ./Drivers/STM32F4xx_HAL_Driver/Src/stm32f4xx_hal_cortex.o
LOAD ./Drivers/STM32F4xx_HAL_Driver/Src/stm32f4xx_hal_dma.o
LOAD ./Drivers/STM32F4xx_HAL_Driver/Src/stm32f4xx_hal_dma_ex.o
LOAD ./Drivers/STM32F4xx_HAL_Driver/Src/stm32f4xx_hal_exti.o
LOAD ./Drivers/STM32F4xx_HAL_Driver/Src/stm32f4xx_hal_flash.o
LOAD ./Drivers/STM32F4xx_HAL_Driver/Src/stm32f4xx_hal_flash_ex.o
LOAD ./Drivers/STM32F4xx_HAL_Driver/Src/stm32f4xx_hal_flash_ramfunc.o
LOAD ./Drivers/STM32F4xx_HAL_Driver/Src/stm32f4xx_hal_gpio.o
LOAD ./Drivers/STM32F4xx_HAL_Driver/Src/stm32f4xx_hal_pwr.o
LOAD ./Drivers/STM32F4xx_HAL_Driver/Src/stm32f4xx_hal_pwr_ex.o
LOAD ./Drivers/STM32F4xx_HAL_Driver/Src/stm32f4xx_hal_rcc.o
LOAD ./Drivers/STM32F4xx_HAL_Driver/Src/stm32f4xx_hal_rcc_ex.o
LOAD ./Drivers/STM32F4xx_HAL_Driver/Src/stm32f4xx_hal_tim.o
LOAD ./Drivers/STM32F4xx_HAL_Driver/Src/stm32f4xx_hal_tim_ex.o
LOAD ./Drivers/STM32F4xx_HAL_Driver/Src/stm32f4xx_hal_uart.o
LOAD ./Middlewares/Third_Party/FreeRTOS/Source/CMSIS_RTOS_V2/cmsis_os2.o
LOAD ./Middlewares/Third_Party/FreeRTOS/Source/croutine.o
LOAD ./Middlewares/Third_Party/FreeRTOS/Source/event_groups.o
LOAD ./Middlewares/Third_Party/FreeRTOS/Source/list.o
LOAD ./Middlewares/Third_Party/FreeRTOS/Source/queue.o
LOAD ./Middlewares/Third_Party/FreeRTOS/Source/stream_buffer.o
LOAD ./Middlewares/Third_Party/FreeRTOS/Source/tasks.o
LOAD ./Middlewares/Third_Party/FreeRTOS/Source/timers.o
LOAD ./Middlewares/Third_Party/FreeRTOS/Source/portable/GCC/ARM_CM4F/port.o
LOAD ./Middlewares/Third_Party/FreeRTOS/Source/portable/MemMang/heap_4.o
LOAD ./app/Control_RC_Car.o
LOAD ./app/HC_SR04.o
LOAD ./app/ap.o
LOAD ./app/delay_us.o
LOAD ./app/motor.o
LOAD ./app/hw/driver/led.o
LOAD ./app/hw/hw.o
START GROUP
LOAD C:/ST/STM32CubeIDE_1.16.0/STM32CubeIDE/plugins/com.st.stm32cube.ide.mcu.externaltools.gnu-tools-for-stm32.12.3.rel1.win32_1.0.200.202406191623/tools/bin/../lib/gcc/arm-none-eabi/12.3.1/../../../../arm-none-eabi/lib/thumb/v7e-m+fp/hard\libc_nano.a
LOAD C:/ST/STM32CubeIDE_1.16.0/STM32CubeIDE/plugins/com.st.stm32cube.ide.mcu.externaltools.gnu-tools-for-stm32.12.3.rel1.win32_1.0.200.202406191623/tools/bin/../lib/gcc/arm-none-eabi/12.3.1/../../../../arm-none-eabi/lib/thumb/v7e-m+fp/hard\libm.a
END GROUP
START GROUP
LOAD C:/ST/STM32CubeIDE_1.16.0/STM32CubeIDE/plugins/com.st.stm32cube.ide.mcu.externaltools.gnu-tools-for-stm32.12.3.rel1.win32_1.0.200.202406191623/tools/bin/../lib/gcc/arm-none-eabi/12.3.1/thumb/v7e-m+fp/hard\libgcc.a
LOAD C:/ST/STM32CubeIDE_1.16.0/STM32CubeIDE/plugins/com.st.stm32cube.ide.mcu.externaltools.gnu-tools-for-stm32.12.3.rel1.win32_1.0.200.202406191623/tools/bin/../lib/gcc/arm-none-eabi/12.3.1/../../../../arm-none-eabi/lib/thumb/v7e-m+fp/hard\libc_nano.a
END GROUP
START GROUP
LOAD C:/ST/STM32CubeIDE_1.16.0/STM32CubeIDE/plugins/com.st.stm32cube.ide.mcu.externaltools.gnu-tools-for-stm32.12.3.rel1.win32_1.0.200.202406191623/tools/bin/../lib/gcc/arm-none-eabi/12.3.1/thumb/v7e-m+fp/hard\libgcc.a
LOAD C:/ST/STM32CubeIDE_1.16.0/STM32CubeIDE/plugins/com.st.stm32cube.ide.mcu.externaltools.gnu-tools-for-stm32.12.3.rel1.win32_1.0.200.202406191623/tools/bin/../lib/gcc/arm-none-eabi/12.3.1/../../../../arm-none-eabi/lib/thumb/v7e-m+fp/hard\libc_nano.a
LOAD C:/ST/STM32CubeIDE_1.16.0/STM32CubeIDE/plugins/com.st.stm32cube.ide.mcu.externaltools.gnu-tools-for-stm32.12.3.rel1.win32_1.0.200.202406191623/tools/bin/../lib/gcc/arm-none-eabi/12.3.1/../../../../arm-none-eabi/lib/thumb/v7e-m+fp/hard\libnosys.a
END GROUP
START GROUP
LOAD C:/ST/STM32CubeIDE_1.16.0/STM32CubeIDE/plugins/com.st.stm32cube.ide.mcu.externaltools.gnu-tools-for-stm32.12.3.rel1.win32_1.0.200.202406191623/tools/bin/../lib/gcc/arm-none-eabi/12.3.1/thumb/v7e-m+fp/hard\libgcc.a
LOAD C:/ST/STM32CubeIDE_1.16.0/STM32CubeIDE/plugins/com.st.stm32cube.ide.mcu.externaltools.gnu-tools-for-stm32.12.3.rel1.win32_1.0.200.202406191623/tools/bin/../lib/gcc/arm-none-eabi/12.3.1/../../../../arm-none-eabi/lib/thumb/v7e-m+fp/hard\libc_nano.a
LOAD C:/ST/STM32CubeIDE_1.16.0/STM32CubeIDE/plugins/com.st.stm32cube.ide.mcu.externaltools.gnu-tools-for-stm32.12.3.rel1.win32_1.0.200.202406191623/tools/bin/../lib/gcc/arm-none-eabi/12.3.1/../../../../arm-none-eabi/lib/thumb/v7e-m+fp/hard\libnosys.a
END GROUP
LOAD C:/ST/STM32CubeIDE_1.16.0/STM32CubeIDE/plugins/com.st.stm32cube.ide.mcu.externaltools.gnu-tools-for-stm32.12.3.rel1.win32_1.0.200.202406191623/tools/bin/../lib/gcc/arm-none-eabi/12.3.1/thumb/v7e-m+fp/hard/crtend.o
LOAD C:/ST/STM32CubeIDE_1.16.0/STM32CubeIDE/plugins/com.st.stm32cube.ide.mcu.externaltools.gnu-tools-for-stm32.12.3.rel1.win32_1.0.200.202406191623/tools/bin/../lib/gcc/arm-none-eabi/12.3.1/thumb/v7e-m+fp/hard/crtn.o
                0x20020000                        _estack = (ORIGIN (RAM) + LENGTH (RAM))
                0x00000200                        _Min_Heap_Size = 0x200
                0x00000400                        _Min_Stack_Size = 0x400

.isr_vector     0x08000000      0x198
                0x08000000                        . = ALIGN (0x4)
 *(.isr_vector)
 .isr_vector    0x08000000      0x198 ./Core/Startup/startup_stm32f411retx.o
                0x08000000                g_pfnVectors
                0x08000198                        . = ALIGN (0x4)

.text           0x080001a0     0x7ec0
                0x080001a0                        . = ALIGN (0x4)
 *(.text)
 .text          0x080001a0       0x40 C:/ST/STM32CubeIDE_1.16.0/STM32CubeIDE/plugins/com.st.stm32cube.ide.mcu.externaltools.gnu-tools-for-stm32.12.3.rel1.win32_1.0.200.202406191623/tools/bin/../lib/gcc/arm-none-eabi/12.3.1/thumb/v7e-m+fp/hard/crtbegin.o
 .text          0x080001e0       0x30 C:/ST/STM32CubeIDE_1.16.0/STM32CubeIDE/plugins/com.st.stm32cube.ide.mcu.externaltools.gnu-tools-for-stm32.12.3.rel1.win32_1.0.200.202406191623/tools/bin/../lib/gcc/arm-none-eabi/12.3.1/thumb/v7e-m+fp/hard\libgcc.a(_aeabi_uldivmod.o)
                0x080001e0                __aeabi_uldivmod
 .text          0x08000210      0x2bc C:/ST/STM32CubeIDE_1.16.0/STM32CubeIDE/plugins/com.st.stm32cube.ide.mcu.externaltools.gnu-tools-for-stm32.12.3.rel1.win32_1.0.200.202406191623/tools/bin/../lib/gcc/arm-none-eabi/12.3.1/thumb/v7e-m+fp/hard\libgcc.a(_udivmoddi4.o)
                0x08000210                __udivmoddi4
 .text          0x080004cc        0x4 C:/ST/STM32CubeIDE_1.16.0/STM32CubeIDE/plugins/com.st.stm32cube.ide.mcu.externaltools.gnu-tools-for-stm32.12.3.rel1.win32_1.0.200.202406191623/tools/bin/../lib/gcc/arm-none-eabi/12.3.1/thumb/v7e-m+fp/hard\libgcc.a(_dvmd_tls.o)
                0x080004cc                __aeabi_idiv0
                0x080004cc                __aeabi_ldiv0
 *(.text*)
 .text.MX_DMA_Init
                0x080004d0       0x50 ./Core/Src/dma.o
                0x080004d0                MX_DMA_Init
 .text.MX_FREERTOS_Init
                0x08000520       0x5c ./Core/Src/freertos.o
                0x08000520                MX_FREERTOS_Init
 .text.StartDefaultTask
                0x0800057c       0x3c ./Core/Src/freertos.o
                0x0800057c                StartDefaultTask
 .text.StartTask02
                0x080005b8       0x80 ./Core/Src/freertos.o
                0x080005b8                StartTask02
 .text.StartTask03
                0x08000638       0x20 ./Core/Src/freertos.o
                0x08000638                StartTask03
 .text.MX_GPIO_Init
                0x08000658      0x114 ./Core/Src/gpio.o
                0x08000658                MX_GPIO_Init
 .text.main     0x0800076c       0x3c ./Core/Src/main.o
                0x0800076c                main
 .text.SystemClock_Config
                0x080007a8       0xd0 ./Core/Src/main.o
                0x080007a8                SystemClock_Config
 .text.HAL_TIM_PeriodElapsedCallback
                0x08000878       0x24 ./Core/Src/main.o
                0x08000878                HAL_TIM_PeriodElapsedCallback
 .text.Error_Handler
                0x0800089c        0xc ./Core/Src/main.o
                0x0800089c                Error_Handler
 .text.HAL_MspInit
                0x080008a8       0x58 ./Core/Src/stm32f4xx_hal_msp.o
                0x080008a8                HAL_MspInit
 .text.HAL_InitTick
                0x08000900       0xe4 ./Core/Src/stm32f4xx_hal_timebase_tim.o
                0x08000900                HAL_InitTick
 .text.NMI_Handler
                0x080009e4        0x8 ./Core/Src/stm32f4xx_it.o
                0x080009e4                NMI_Handler
 .text.HardFault_Handler
                0x080009ec        0x8 ./Core/Src/stm32f4xx_it.o
                0x080009ec                HardFault_Handler
 .text.MemManage_Handler
                0x080009f4        0x8 ./Core/Src/stm32f4xx_it.o
                0x080009f4                MemManage_Handler
 .text.BusFault_Handler
                0x080009fc        0x8 ./Core/Src/stm32f4xx_it.o
                0x080009fc                BusFault_Handler
 .text.UsageFault_Handler
                0x08000a04        0x8 ./Core/Src/stm32f4xx_it.o
                0x08000a04                UsageFault_Handler
 .text.DebugMon_Handler
                0x08000a0c        0xe ./Core/Src/stm32f4xx_it.o
                0x08000a0c                DebugMon_Handler
 *fill*         0x08000a1a        0x2 
 .text.TIM1_TRG_COM_TIM11_IRQHandler
                0x08000a1c       0x1c ./Core/Src/stm32f4xx_it.o
                0x08000a1c                TIM1_TRG_COM_TIM11_IRQHandler
 .text.TIM2_IRQHandler
                0x08000a38       0x14 ./Core/Src/stm32f4xx_it.o
                0x08000a38                TIM2_IRQHandler
 .text.TIM3_IRQHandler
                0x08000a4c       0x14 ./Core/Src/stm32f4xx_it.o
                0x08000a4c                TIM3_IRQHandler
 .text.DMA2_Stream2_IRQHandler
                0x08000a60       0x14 ./Core/Src/stm32f4xx_it.o
                0x08000a60                DMA2_Stream2_IRQHandler
 .text.DMA2_Stream7_IRQHandler
                0x08000a74       0x14 ./Core/Src/stm32f4xx_it.o
                0x08000a74                DMA2_Stream7_IRQHandler
 .text.SystemInit
                0x08000a88       0x24 ./Core/Src/system_stm32f4xx.o
                0x08000a88                SystemInit
 .text.MX_TIM1_Init
                0x08000aac      0x14c ./Core/Src/tim.o
                0x08000aac                MX_TIM1_Init
 .text.MX_TIM2_Init
                0x08000bf8      0x10c ./Core/Src/tim.o
                0x08000bf8                MX_TIM2_Init
 .text.MX_TIM3_Init
                0x08000d04       0xb4 ./Core/Src/tim.o
                0x08000d04                MX_TIM3_Init
 .text.MX_TIM10_Init
                0x08000db8       0x48 ./Core/Src/tim.o
                0x08000db8                MX_TIM10_Init
 .text.HAL_TIM_IC_MspInit
                0x08000e00       0xa0 ./Core/Src/tim.o
                0x08000e00                HAL_TIM_IC_MspInit
 .text.HAL_TIM_Base_MspInit
                0x08000ea0      0x108 ./Core/Src/tim.o
                0x08000ea0                HAL_TIM_Base_MspInit
 .text.HAL_TIM_PWM_MspInit
                0x08000fa8       0x50 ./Core/Src/tim.o
                0x08000fa8                HAL_TIM_PWM_MspInit
 .text.HAL_TIM_MspPostInit
                0x08000ff8       0xc4 ./Core/Src/tim.o
                0x08000ff8                HAL_TIM_MspPostInit
 .text.MX_USART1_UART_Init
                0x080010bc       0x54 ./Core/Src/usart.o
                0x080010bc                MX_USART1_UART_Init
 .text.HAL_UART_MspInit
                0x08001110      0x160 ./Core/Src/usart.o
                0x08001110                HAL_UART_MspInit
 .text.Reset_Handler
                0x08001270       0x50 ./Core/Startup/startup_stm32f411retx.o
                0x08001270                Reset_Handler
 .text.Default_Handler
                0x080012c0        0x2 ./Core/Startup/startup_stm32f411retx.o
                0x080012c0                RTC_Alarm_IRQHandler
                0x080012c0                EXTI2_IRQHandler
                0x080012c0                SPI4_IRQHandler
                0x080012c0                TIM1_CC_IRQHandler
                0x080012c0                DMA2_Stream5_IRQHandler
                0x080012c0                DMA1_Stream5_IRQHandler
                0x080012c0                PVD_IRQHandler
                0x080012c0                SDIO_IRQHandler
                0x080012c0                TAMP_STAMP_IRQHandler
                0x080012c0                EXTI3_IRQHandler
                0x080012c0                TIM1_UP_TIM10_IRQHandler
                0x080012c0                I2C3_ER_IRQHandler
                0x080012c0                EXTI0_IRQHandler
                0x080012c0                I2C2_EV_IRQHandler
                0x080012c0                DMA1_Stream2_IRQHandler
                0x080012c0                FPU_IRQHandler
                0x080012c0                SPI1_IRQHandler
                0x080012c0                TIM1_BRK_TIM9_IRQHandler
                0x080012c0                DMA2_Stream3_IRQHandler
                0x080012c0                USART6_IRQHandler
                0x080012c0                DMA2_Stream0_IRQHandler
                0x080012c0                TIM4_IRQHandler
                0x080012c0                I2C1_EV_IRQHandler
                0x080012c0                DMA1_Stream6_IRQHandler
                0x080012c0                DMA1_Stream1_IRQHandler
                0x080012c0                RCC_IRQHandler
                0x080012c0                Default_Handler
                0x080012c0                EXTI15_10_IRQHandler
                0x080012c0                ADC_IRQHandler
                0x080012c0                DMA1_Stream7_IRQHandler
                0x080012c0                SPI5_IRQHandler
                0x080012c0                TIM5_IRQHandler
                0x080012c0                I2C3_EV_IRQHandler
                0x080012c0                EXTI9_5_IRQHandler
                0x080012c0                RTC_WKUP_IRQHandler
                0x080012c0                SPI2_IRQHandler
                0x080012c0                DMA1_Stream0_IRQHandler
                0x080012c0                EXTI4_IRQHandler
                0x080012c0                WWDG_IRQHandler
                0x080012c0                OTG_FS_WKUP_IRQHandler
                0x080012c0                EXTI1_IRQHandler
                0x080012c0                USART2_IRQHandler
                0x080012c0                I2C2_ER_IRQHandler
                0x080012c0                DMA2_Stream1_IRQHandler
                0x080012c0                FLASH_IRQHandler
                0x080012c0                DMA2_Stream4_IRQHandler
                0x080012c0                USART1_IRQHandler
                0x080012c0                OTG_FS_IRQHandler
                0x080012c0                SPI3_IRQHandler
                0x080012c0                DMA1_Stream4_IRQHandler
                0x080012c0                I2C1_ER_IRQHandler
                0x080012c0                DMA2_Stream6_IRQHandler
                0x080012c0                DMA1_Stream3_IRQHandler
 *fill*         0x080012c2        0x2 
 .text.HAL_Init
                0x080012c4       0x44 ./Drivers/STM32F4xx_HAL_Driver/Src/stm32f4xx_hal.o
                0x080012c4                HAL_Init
 .text.HAL_IncTick
                0x08001308       0x28 ./Drivers/STM32F4xx_HAL_Driver/Src/stm32f4xx_hal.o
                0x08001308                HAL_IncTick
 .text.HAL_GetTick
                0x08001330       0x18 ./Drivers/STM32F4xx_HAL_Driver/Src/stm32f4xx_hal.o
                0x08001330                HAL_GetTick
 .text.HAL_Delay
                0x08001348       0x48 ./Drivers/STM32F4xx_HAL_Driver/Src/stm32f4xx_hal.o
                0x08001348                HAL_Delay
 .text.__NVIC_SetPriorityGrouping
                0x08001390       0x48 ./Drivers/STM32F4xx_HAL_Driver/Src/stm32f4xx_hal_cortex.o
 .text.__NVIC_GetPriorityGrouping
                0x080013d8       0x1c ./Drivers/STM32F4xx_HAL_Driver/Src/stm32f4xx_hal_cortex.o
 .text.__NVIC_EnableIRQ
                0x080013f4       0x3c ./Drivers/STM32F4xx_HAL_Driver/Src/stm32f4xx_hal_cortex.o
 .text.__NVIC_SetPriority
                0x08001430       0x54 ./Drivers/STM32F4xx_HAL_Driver/Src/stm32f4xx_hal_cortex.o
 .text.NVIC_EncodePriority
                0x08001484       0x66 ./Drivers/STM32F4xx_HAL_Driver/Src/stm32f4xx_hal_cortex.o
 .text.HAL_NVIC_SetPriorityGrouping
                0x080014ea       0x16 ./Drivers/STM32F4xx_HAL_Driver/Src/stm32f4xx_hal_cortex.o
                0x080014ea                HAL_NVIC_SetPriorityGrouping
 .text.HAL_NVIC_SetPriority
                0x08001500       0x38 ./Drivers/STM32F4xx_HAL_Driver/Src/stm32f4xx_hal_cortex.o
                0x08001500                HAL_NVIC_SetPriority
 .text.HAL_NVIC_EnableIRQ
                0x08001538       0x1c ./Drivers/STM32F4xx_HAL_Driver/Src/stm32f4xx_hal_cortex.o
                0x08001538                HAL_NVIC_EnableIRQ
 .text.HAL_DMA_Init
                0x08001554      0x15c ./Drivers/STM32F4xx_HAL_Driver/Src/stm32f4xx_hal_dma.o
                0x08001554                HAL_DMA_Init
 .text.HAL_DMA_Start_IT
                0x080016b0       0xb0 ./Drivers/STM32F4xx_HAL_Driver/Src/stm32f4xx_hal_dma.o
                0x080016b0                HAL_DMA_Start_IT
 .text.HAL_DMA_IRQHandler
                0x08001760      0x314 ./Drivers/STM32F4xx_HAL_Driver/Src/stm32f4xx_hal_dma.o
                0x08001760                HAL_DMA_IRQHandler
 .text.DMA_SetConfig
                0x08001a74       0x5c ./Drivers/STM32F4xx_HAL_Driver/Src/stm32f4xx_hal_dma.o
 .text.DMA_CalcBaseAndBitshift
                0x08001ad0       0x6c ./Drivers/STM32F4xx_HAL_Driver/Src/stm32f4xx_hal_dma.o
 .text.DMA_CheckFifoParam
                0x08001b3c       0xf8 ./Drivers/STM32F4xx_HAL_Driver/Src/stm32f4xx_hal_dma.o
 .text.HAL_GPIO_Init
                0x08001c34      0x308 ./Drivers/STM32F4xx_HAL_Driver/Src/stm32f4xx_hal_gpio.o
                0x08001c34                HAL_GPIO_Init
 .text.HAL_GPIO_WritePin
                0x08001f3c       0x32 ./Drivers/STM32F4xx_HAL_Driver/Src/stm32f4xx_hal_gpio.o
                0x08001f3c                HAL_GPIO_WritePin
 *fill*         0x08001f6e        0x2 
 .text.HAL_RCC_OscConfig
                0x08001f70      0x4f0 ./Drivers/STM32F4xx_HAL_Driver/Src/stm32f4xx_hal_rcc.o
                0x08001f70                HAL_RCC_OscConfig
 .text.HAL_RCC_ClockConfig
                0x08002460      0x1cc ./Drivers/STM32F4xx_HAL_Driver/Src/stm32f4xx_hal_rcc.o
                0x08002460                HAL_RCC_ClockConfig
 .text.HAL_RCC_GetSysClockFreq
                0x0800262c      0x20c ./Drivers/STM32F4xx_HAL_Driver/Src/stm32f4xx_hal_rcc.o
                0x0800262c                HAL_RCC_GetSysClockFreq
 .text.HAL_RCC_GetHCLKFreq
                0x08002838       0x18 ./Drivers/STM32F4xx_HAL_Driver/Src/stm32f4xx_hal_rcc.o
                0x08002838                HAL_RCC_GetHCLKFreq
 .text.HAL_RCC_GetPCLK1Freq
                0x08002850       0x28 ./Drivers/STM32F4xx_HAL_Driver/Src/stm32f4xx_hal_rcc.o
                0x08002850                HAL_RCC_GetPCLK1Freq
 .text.HAL_RCC_GetPCLK2Freq
                0x08002878       0x28 ./Drivers/STM32F4xx_HAL_Driver/Src/stm32f4xx_hal_rcc.o
                0x08002878                HAL_RCC_GetPCLK2Freq
 .text.HAL_RCC_GetClockConfig
                0x080028a0       0x64 ./Drivers/STM32F4xx_HAL_Driver/Src/stm32f4xx_hal_rcc.o
                0x080028a0                HAL_RCC_GetClockConfig
 .text.HAL_TIM_Base_Init
                0x08002904       0x9e ./Drivers/STM32F4xx_HAL_Driver/Src/stm32f4xx_hal_tim.o
                0x08002904                HAL_TIM_Base_Init
 *fill*         0x080029a2        0x2 
 .text.HAL_TIM_Base_Start
                0x080029a4       0xb4 ./Drivers/STM32F4xx_HAL_Driver/Src/stm32f4xx_hal_tim.o
                0x080029a4                HAL_TIM_Base_Start
 .text.HAL_TIM_Base_Start_IT
                0x08002a58       0xc4 ./Drivers/STM32F4xx_HAL_Driver/Src/stm32f4xx_hal_tim.o
                0x08002a58                HAL_TIM_Base_Start_IT
 .text.HAL_TIM_PWM_Init
                0x08002b1c       0x9e ./Drivers/STM32F4xx_HAL_Driver/Src/stm32f4xx_hal_tim.o
                0x08002b1c                HAL_TIM_PWM_Init
 *fill*         0x08002bba        0x2 
 .text.HAL_TIM_PWM_Start
                0x08002bbc      0x160 ./Drivers/STM32F4xx_HAL_Driver/Src/stm32f4xx_hal_tim.o
                0x08002bbc                HAL_TIM_PWM_Start
 .text.HAL_TIM_IC_Init
                0x08002d1c       0x9e ./Drivers/STM32F4xx_HAL_Driver/Src/stm32f4xx_hal_tim.o
                0x08002d1c                HAL_TIM_IC_Init
 *fill*         0x08002dba        0x2 
 .text.HAL_TIM_IC_Start_IT
                0x08002dbc      0x234 ./Drivers/STM32F4xx_HAL_Driver/Src/stm32f4xx_hal_tim.o
                0x08002dbc                HAL_TIM_IC_Start_IT
 .text.HAL_TIM_IRQHandler
                0x08002ff0      0x1e0 ./Drivers/STM32F4xx_HAL_Driver/Src/stm32f4xx_hal_tim.o
                0x08002ff0                HAL_TIM_IRQHandler
 .text.HAL_TIM_IC_ConfigChannel
                0x080031d0      0x138 ./Drivers/STM32F4xx_HAL_Driver/Src/stm32f4xx_hal_tim.o
                0x080031d0                HAL_TIM_IC_ConfigChannel
 .text.HAL_TIM_PWM_ConfigChannel
                0x08003308      0x184 ./Drivers/STM32F4xx_HAL_Driver/Src/stm32f4xx_hal_tim.o
                0x08003308                HAL_TIM_PWM_ConfigChannel
 .text.HAL_TIM_ConfigClockSource
                0x0800348c      0x18e ./Drivers/STM32F4xx_HAL_Driver/Src/stm32f4xx_hal_tim.o
                0x0800348c                HAL_TIM_ConfigClockSource
 *fill*         0x0800361a        0x2 
 .text.HAL_TIM_ReadCapturedValue
                0x0800361c       0x88 ./Drivers/STM32F4xx_HAL_Driver/Src/stm32f4xx_hal_tim.o
                0x0800361c                HAL_TIM_ReadCapturedValue
 .text.HAL_TIM_OC_DelayElapsedCallback
                0x080036a4       0x14 ./Drivers/STM32F4xx_HAL_Driver/Src/stm32f4xx_hal_tim.o
                0x080036a4                HAL_TIM_OC_DelayElapsedCallback
 .text.HAL_TIM_PWM_PulseFinishedCallback
                0x080036b8       0x14 ./Drivers/STM32F4xx_HAL_Driver/Src/stm32f4xx_hal_tim.o
                0x080036b8                HAL_TIM_PWM_PulseFinishedCallback
 .text.HAL_TIM_TriggerCallback
                0x080036cc       0x14 ./Drivers/STM32F4xx_HAL_Driver/Src/stm32f4xx_hal_tim.o
                0x080036cc                HAL_TIM_TriggerCallback
 .text.TIM_Base_SetConfig
                0x080036e0      0x118 ./Drivers/STM32F4xx_HAL_Driver/Src/stm32f4xx_hal_tim.o
                0x080036e0                TIM_Base_SetConfig
 .text.TIM_OC1_SetConfig
                0x080037f8       0xcc ./Drivers/STM32F4xx_HAL_Driver/Src/stm32f4xx_hal_tim.o
 .text.TIM_OC2_SetConfig
                0x080038c4       0xd8 ./Drivers/STM32F4xx_HAL_Driver/Src/stm32f4xx_hal_tim.o
                0x080038c4                TIM_OC2_SetConfig
 .text.TIM_OC3_SetConfig
                0x0800399c       0xd4 ./Drivers/STM32F4xx_HAL_Driver/Src/stm32f4xx_hal_tim.o
 .text.TIM_OC4_SetConfig
                0x08003a70       0xa0 ./Drivers/STM32F4xx_HAL_Driver/Src/stm32f4xx_hal_tim.o
 .text.TIM_TI1_SetConfig
                0x08003b10       0xd0 ./Drivers/STM32F4xx_HAL_Driver/Src/stm32f4xx_hal_tim.o
                0x08003b10                TIM_TI1_SetConfig
 .text.TIM_TI1_ConfigInputStage
                0x08003be0       0x5e ./Drivers/STM32F4xx_HAL_Driver/Src/stm32f4xx_hal_tim.o
 .text.TIM_TI2_SetConfig
                0x08003c3e       0x7a ./Drivers/STM32F4xx_HAL_Driver/Src/stm32f4xx_hal_tim.o
 .text.TIM_TI2_ConfigInputStage
                0x08003cb8       0x60 ./Drivers/STM32F4xx_HAL_Driver/Src/stm32f4xx_hal_tim.o
 .text.TIM_TI3_SetConfig
                0x08003d18       0x78 ./Drivers/STM32F4xx_HAL_Driver/Src/stm32f4xx_hal_tim.o
 .text.TIM_TI4_SetConfig
                0x08003d90       0x7a ./Drivers/STM32F4xx_HAL_Driver/Src/stm32f4xx_hal_tim.o
 .text.TIM_ITRx_SetConfig
                0x08003e0a       0x36 ./Drivers/STM32F4xx_HAL_Driver/Src/stm32f4xx_hal_tim.o
 .text.TIM_ETR_SetConfig
                0x08003e40       0x40 ./Drivers/STM32F4xx_HAL_Driver/Src/stm32f4xx_hal_tim.o
                0x08003e40                TIM_ETR_SetConfig
 .text.TIM_CCxChannelCmd
                0x08003e80       0x4a ./Drivers/STM32F4xx_HAL_Driver/Src/stm32f4xx_hal_tim.o
                0x08003e80                TIM_CCxChannelCmd
 *fill*         0x08003eca        0x2 
 .text.HAL_TIMEx_MasterConfigSynchronization
                0x08003ecc       0xdc ./Drivers/STM32F4xx_HAL_Driver/Src/stm32f4xx_hal_tim_ex.o
                0x08003ecc                HAL_TIMEx_MasterConfigSynchronization
 .text.HAL_TIMEx_ConfigBreakDeadTime
                0x08003fa8       0xa4 ./Drivers/STM32F4xx_HAL_Driver/Src/stm32f4xx_hal_tim_ex.o
                0x08003fa8                HAL_TIMEx_ConfigBreakDeadTime
 .text.HAL_TIMEx_CommutCallback
                0x0800404c       0x14 ./Drivers/STM32F4xx_HAL_Driver/Src/stm32f4xx_hal_tim_ex.o
                0x0800404c                HAL_TIMEx_CommutCallback
 .text.HAL_TIMEx_BreakCallback
                0x08004060       0x14 ./Drivers/STM32F4xx_HAL_Driver/Src/stm32f4xx_hal_tim_ex.o
                0x08004060                HAL_TIMEx_BreakCallback
 .text.HAL_UART_Init
                0x08004074       0xa0 ./Drivers/STM32F4xx_HAL_Driver/Src/stm32f4xx_hal_uart.o
                0x08004074                HAL_UART_Init
 .text.HAL_UART_Receive_DMA
                0x08004114       0x4a ./Drivers/STM32F4xx_HAL_Driver/Src/stm32f4xx_hal_uart.o
                0x08004114                HAL_UART_Receive_DMA
 .text.HAL_UART_RxCpltCallback
                0x0800415e       0x14 ./Drivers/STM32F4xx_HAL_Driver/Src/stm32f4xx_hal_uart.o
                0x0800415e                HAL_UART_RxCpltCallback
 .text.HAL_UART_RxHalfCpltCallback
                0x08004172       0x14 ./Drivers/STM32F4xx_HAL_Driver/Src/stm32f4xx_hal_uart.o
                0x08004172                HAL_UART_RxHalfCpltCallback
 .text.HAL_UART_ErrorCallback
                0x08004186       0x14 ./Drivers/STM32F4xx_HAL_Driver/Src/stm32f4xx_hal_uart.o
                0x08004186                HAL_UART_ErrorCallback
 .text.HAL_UARTEx_RxEventCallback
                0x0800419a       0x18 ./Drivers/STM32F4xx_HAL_Driver/Src/stm32f4xx_hal_uart.o
                0x0800419a                HAL_UARTEx_RxEventCallback
 .text.UART_DMAReceiveCplt
                0x080041b2      0x12c ./Drivers/STM32F4xx_HAL_Driver/Src/stm32f4xx_hal_uart.o
 .text.UART_DMARxHalfCplt
                0x080042de       0x3c ./Drivers/STM32F4xx_HAL_Driver/Src/stm32f4xx_hal_uart.o
 .text.UART_DMAError
                0x0800431a       0x94 ./Drivers/STM32F4xx_HAL_Driver/Src/stm32f4xx_hal_uart.o
 *fill*         0x080043ae        0x2 
 .text.UART_Start_Receive_DMA
                0x080043b0      0x134 ./Drivers/STM32F4xx_HAL_Driver/Src/stm32f4xx_hal_uart.o
                0x080043b0                UART_Start_Receive_DMA
 .text.UART_EndTxTransfer
                0x080044e4       0x50 ./Drivers/STM32F4xx_HAL_Driver/Src/stm32f4xx_hal_uart.o
 .text.UART_EndRxTransfer
                0x08004534       0xc6 ./Drivers/STM32F4xx_HAL_Driver/Src/stm32f4xx_hal_uart.o
 *fill*         0x080045fa        0x2 
 .text.UART_SetConfig
                0x080045fc      0x4e8 ./Drivers/STM32F4xx_HAL_Driver/Src/stm32f4xx_hal_uart.o
 .text.__NVIC_SetPriority
                0x08004ae4       0x54 ./Middlewares/Third_Party/FreeRTOS/Source/CMSIS_RTOS_V2/cmsis_os2.o
 .text.SysTick_Handler
                0x08004b38       0x20 ./Middlewares/Third_Party/FreeRTOS/Source/CMSIS_RTOS_V2/cmsis_os2.o
                0x08004b38                SysTick_Handler
 .text.SVC_Setup
                0x08004b58       0x12 ./Middlewares/Third_Party/FreeRTOS/Source/CMSIS_RTOS_V2/cmsis_os2.o
 *fill*         0x08004b6a        0x2 
 .text.osKernelInitialize
                0x08004b6c       0x48 ./Middlewares/Third_Party/FreeRTOS/Source/CMSIS_RTOS_V2/cmsis_os2.o
                0x08004b6c                osKernelInitialize
 .text.osKernelStart
                0x08004bb4       0x4c ./Middlewares/Third_Party/FreeRTOS/Source/CMSIS_RTOS_V2/cmsis_os2.o
                0x08004bb4                osKernelStart
 .text.osThreadNew
                0x08004c00      0x124 ./Middlewares/Third_Party/FreeRTOS/Source/CMSIS_RTOS_V2/cmsis_os2.o
                0x08004c00                osThreadNew
 .text.osDelay  0x08004d24       0x36 ./Middlewares/Third_Party/FreeRTOS/Source/CMSIS_RTOS_V2/cmsis_os2.o
                0x08004d24                osDelay
 *fill*         0x08004d5a        0x2 
 .text.vApplicationGetIdleTaskMemory
                0x08004d5c       0x34 ./Middlewares/Third_Party/FreeRTOS/Source/CMSIS_RTOS_V2/cmsis_os2.o
                0x08004d5c                vApplicationGetIdleTaskMemory
 .text.vApplicationGetTimerTaskMemory
                0x08004d90       0x34 ./Middlewares/Third_Party/FreeRTOS/Source/CMSIS_RTOS_V2/cmsis_os2.o
                0x08004d90                vApplicationGetTimerTaskMemory
 .text.vListInitialise
                0x08004dc4       0x40 ./Middlewares/Third_Party/FreeRTOS/Source/list.o
                0x08004dc4                vListInitialise
 .text.vListInitialiseItem
                0x08004e04       0x1a ./Middlewares/Third_Party/FreeRTOS/Source/list.o
                0x08004e04                vListInitialiseItem
 .text.vListInsertEnd
                0x08004e1e       0x48 ./Middlewares/Third_Party/FreeRTOS/Source/list.o
                0x08004e1e                vListInsertEnd
 .text.vListInsert
                0x08004e66       0x72 ./Middlewares/Third_Party/FreeRTOS/Source/list.o
                0x08004e66                vListInsert
 .text.uxListRemove
                0x08004ed8       0x54 ./Middlewares/Third_Party/FreeRTOS/Source/list.o
                0x08004ed8                uxListRemove
 .text.xQueueGenericReset
                0x08004f2c       0xd4 ./Middlewares/Third_Party/FreeRTOS/Source/queue.o
                0x08004f2c                xQueueGenericReset
 .text.xQueueGenericCreateStatic
                0x08005000       0xfa ./Middlewares/Third_Party/FreeRTOS/Source/queue.o
                0x08005000                xQueueGenericCreateStatic
 .text.prvInitialiseNewQueue
                0x080050fa       0x46 ./Middlewares/Third_Party/FreeRTOS/Source/queue.o
 .text.xQueueGenericSend
                0x08005140      0x204 ./Middlewares/Third_Party/FreeRTOS/Source/queue.o
                0x08005140                xQueueGenericSend
 .text.xQueueGenericSendFromISR
                0x08005344      0x13c ./Middlewares/Third_Party/FreeRTOS/Source/queue.o
                0x08005344                xQueueGenericSendFromISR
 .text.xQueueReceive
                0x08005480      0x1c4 ./Middlewares/Third_Party/FreeRTOS/Source/queue.o
                0x08005480                xQueueReceive
 .text.prvCopyDataToQueue
                0x08005644       0xd4 ./Middlewares/Third_Party/FreeRTOS/Source/queue.o
 .text.prvCopyDataFromQueue
                0x08005718       0x4c ./Middlewares/Third_Party/FreeRTOS/Source/queue.o
 .text.prvUnlockQueue
                0x08005764       0xa4 ./Middlewares/Third_Party/FreeRTOS/Source/queue.o
 .text.prvIsQueueEmpty
                0x08005808       0x2c ./Middlewares/Third_Party/FreeRTOS/Source/queue.o
 .text.prvIsQueueFull
                0x08005834       0x30 ./Middlewares/Third_Party/FreeRTOS/Source/queue.o
 .text.vQueueAddToRegistry
                0x08005864       0x54 ./Middlewares/Third_Party/FreeRTOS/Source/queue.o
                0x08005864                vQueueAddToRegistry
 .text.vQueueWaitForMessageRestricted
                0x080058b8       0x68 ./Middlewares/Third_Party/FreeRTOS/Source/queue.o
                0x080058b8                vQueueWaitForMessageRestricted
 .text.xTaskCreateStatic
                0x08005920       0xc0 ./Middlewares/Third_Party/FreeRTOS/Source/tasks.o
                0x08005920                xTaskCreateStatic
 .text.xTaskCreate
                0x080059e0       0x8a ./Middlewares/Third_Party/FreeRTOS/Source/tasks.o
                0x080059e0                xTaskCreate
 *fill*         0x08005a6a        0x2 
 .text.prvInitialiseNewTask
                0x08005a6c      0x150 ./Middlewares/Third_Party/FreeRTOS/Source/tasks.o
 .text.prvAddNewTaskToReadyList
                0x08005bbc       0xe0 ./Middlewares/Third_Party/FreeRTOS/Source/tasks.o
 .text.vTaskDelay
                0x08005c9c       0x6c ./Middlewares/Third_Party/FreeRTOS/Source/tasks.o
                0x08005c9c                vTaskDelay
 .text.vTaskStartScheduler
                0x08005d08       0xe0 ./Middlewares/Third_Party/FreeRTOS/Source/tasks.o
                0x08005d08                vTaskStartScheduler
 .text.vTaskSuspendAll
                0x08005de8       0x1c ./Middlewares/Third_Party/FreeRTOS/Source/tasks.o
                0x08005de8                vTaskSuspendAll
 .text.xTaskResumeAll
                0x08005e04      0x13c ./Middlewares/Third_Party/FreeRTOS/Source/tasks.o
                0x08005e04                xTaskResumeAll
 .text.xTaskGetTickCount
                0x08005f40       0x20 ./Middlewares/Third_Party/FreeRTOS/Source/tasks.o
                0x08005f40                xTaskGetTickCount
 .text.xTaskIncrementTick
                0x08005f60      0x174 ./Middlewares/Third_Party/FreeRTOS/Source/tasks.o
                0x08005f60                xTaskIncrementTick
 .text.vTaskSwitchContext
                0x080060d4       0xcc ./Middlewares/Third_Party/FreeRTOS/Source/tasks.o
                0x080060d4                vTaskSwitchContext
 .text.vTaskPlaceOnEventList
                0x080061a0       0x4c ./Middlewares/Third_Party/FreeRTOS/Source/tasks.o
                0x080061a0                vTaskPlaceOnEventList
 .text.vTaskPlaceOnEventListRestricted
                0x080061ec       0x58 ./Middlewares/Third_Party/FreeRTOS/Source/tasks.o
                0x080061ec                vTaskPlaceOnEventListRestricted
 .text.xTaskRemoveFromEventList
                0x08006244       0xc8 ./Middlewares/Third_Party/FreeRTOS/Source/tasks.o
                0x08006244                xTaskRemoveFromEventList
 .text.vTaskInternalSetTimeOutState
                0x0800630c       0x2c ./Middlewares/Third_Party/FreeRTOS/Source/tasks.o
                0x0800630c                vTaskInternalSetTimeOutState
 .text.xTaskCheckForTimeOut
                0x08006338       0xc8 ./Middlewares/Third_Party/FreeRTOS/Source/tasks.o
                0x08006338                xTaskCheckForTimeOut
 .text.vTaskMissedYield
                0x08006400       0x18 ./Middlewares/Third_Party/FreeRTOS/Source/tasks.o
                0x08006400                vTaskMissedYield
 .text.prvIdleTask
                0x08006418       0x30 ./Middlewares/Third_Party/FreeRTOS/Source/tasks.o
 .text.prvInitialiseTaskLists
                0x08006448       0x80 ./Middlewares/Third_Party/FreeRTOS/Source/tasks.o
 .text.prvCheckTasksWaitingTermination
                0x080064c8       0x5c ./Middlewares/Third_Party/FreeRTOS/Source/tasks.o
 .text.prvDeleteTCB
                0x08006524       0x6a ./Middlewares/Third_Party/FreeRTOS/Source/tasks.o
 *fill*         0x0800658e        0x2 
 .text.prvResetNextTaskUnblockTime
                0x08006590       0x40 ./Middlewares/Third_Party/FreeRTOS/Source/tasks.o
 .text.xTaskGetSchedulerState
                0x080065d0       0x3c ./Middlewares/Third_Party/FreeRTOS/Source/tasks.o
                0x080065d0                xTaskGetSchedulerState
 .text.xTaskPriorityDisinherit
                0x0800660c       0xe0 ./Middlewares/Third_Party/FreeRTOS/Source/tasks.o
                0x0800660c                xTaskPriorityDisinherit
 .text.prvAddCurrentTaskToDelayedList
                0x080066ec       0xa8 ./Middlewares/Third_Party/FreeRTOS/Source/tasks.o
 .text.xTimerCreateTimerTask
                0x08006794       0x94 ./Middlewares/Third_Party/FreeRTOS/Source/timers.o
                0x08006794                xTimerCreateTimerTask
 .text.xTimerGenericCommand
                0x08006828       0x9c ./Middlewares/Third_Party/FreeRTOS/Source/timers.o
                0x08006828                xTimerGenericCommand
 .text.prvProcessExpiredTimer
                0x080068c4       0x9c ./Middlewares/Third_Party/FreeRTOS/Source/timers.o
 .text.prvTimerTask
                0x08006960       0x26 ./Middlewares/Third_Party/FreeRTOS/Source/timers.o
 *fill*         0x08006986        0x2 
 .text.prvProcessTimerOrBlockTask
                0x08006988       0x9c ./Middlewares/Third_Party/FreeRTOS/Source/timers.o
 .text.prvGetNextExpireTime
                0x08006a24       0x48 ./Middlewares/Third_Party/FreeRTOS/Source/timers.o
 .text.prvSampleTimeNow
                0x08006a6c       0x40 ./Middlewares/Third_Party/FreeRTOS/Source/timers.o
 .text.prvInsertTimerInActiveList
                0x08006aac       0x84 ./Middlewares/Third_Party/FreeRTOS/Source/timers.o
 .text.prvProcessReceivedCommands
                0x08006b30      0x1cc ./Middlewares/Third_Party/FreeRTOS/Source/timers.o
 .text.prvSwitchTimerLists
                0x08006cfc       0xcc ./Middlewares/Third_Party/FreeRTOS/Source/timers.o
 .text.prvCheckForValidListAndQueue
                0x08006dc8       0x80 ./Middlewares/Third_Party/FreeRTOS/Source/timers.o
 .text.pxPortInitialiseStack
                0x08006e48       0x68 ./Middlewares/Third_Party/FreeRTOS/Source/portable/GCC/ARM_CM4F/port.o
                0x08006e48                pxPortInitialiseStack
 .text.prvTaskExitError
                0x08006eb0       0x5c ./Middlewares/Third_Party/FreeRTOS/Source/portable/GCC/ARM_CM4F/port.o
 *fill*         0x08006f0c        0x4 
 .text.SVC_Handler
                0x08006f10       0x28 ./Middlewares/Third_Party/FreeRTOS/Source/portable/GCC/ARM_CM4F/port.o
                0x08006f10                SVC_Handler
 .text.prvPortStartFirstTask
                0x08006f38       0x28 ./Middlewares/Third_Party/FreeRTOS/Source/portable/GCC/ARM_CM4F/port.o
 .text.xPortStartScheduler
                0x08006f60      0x148 ./Middlewares/Third_Party/FreeRTOS/Source/portable/GCC/ARM_CM4F/port.o
                0x08006f60                xPortStartScheduler
 .text.vPortEnterCritical
                0x080070a8       0x64 ./Middlewares/Third_Party/FreeRTOS/Source/portable/GCC/ARM_CM4F/port.o
                0x080070a8                vPortEnterCritical
 .text.vPortExitCritical
                0x0800710c       0x54 ./Middlewares/Third_Party/FreeRTOS/Source/portable/GCC/ARM_CM4F/port.o
                0x0800710c                vPortExitCritical
 .text.PendSV_Handler
                0x08007160       0x68 ./Middlewares/Third_Party/FreeRTOS/Source/portable/GCC/ARM_CM4F/port.o
                0x08007160                PendSV_Handler
 .text.xPortSysTickHandler
                0x080071c8       0x44 ./Middlewares/Third_Party/FreeRTOS/Source/portable/GCC/ARM_CM4F/port.o
                0x080071c8                xPortSysTickHandler
 .text.vPortSetupTimerInterrupt
                0x0800720c       0x48 ./Middlewares/Third_Party/FreeRTOS/Source/portable/GCC/ARM_CM4F/port.o
                0x0800720c                vPortSetupTimerInterrupt
 .text.vPortEnableVFP
                0x08007254       0x14 ./Middlewares/Third_Party/FreeRTOS/Source/portable/GCC/ARM_CM4F/port.o
 .text.vPortValidateInterruptPriority
                0x08007268       0x84 ./Middlewares/Third_Party/FreeRTOS/Source/portable/GCC/ARM_CM4F/port.o
                0x08007268                vPortValidateInterruptPriority
 .text.pvPortMalloc
                0x080072ec      0x19c ./Middlewares/Third_Party/FreeRTOS/Source/portable/MemMang/heap_4.o
                0x080072ec                pvPortMalloc
 .text.vPortFree
                0x08007488       0xc8 ./Middlewares/Third_Party/FreeRTOS/Source/portable/MemMang/heap_4.o
                0x08007488                vPortFree
 .text.prvHeapInit
                0x08007550       0xc4 ./Middlewares/Third_Party/FreeRTOS/Source/portable/MemMang/heap_4.o
 .text.prvInsertBlockIntoFreeList
                0x08007614       0xb4 ./Middlewares/Third_Party/FreeRTOS/Source/portable/MemMang/heap_4.o
 .text.control_RC_Car
                0x080076c8       0x80 ./app/Control_RC_Car.o
                0x080076c8                control_RC_Car
 .text.checkTheDistances
                0x08007748       0x4c ./app/Control_RC_Car.o
                0x08007748                checkTheDistances
 .text.HAL_TIM_IC_CaptureCallback
                0x08007794      0x314 ./app/HC_SR04.o
                0x08007794                HAL_TIM_IC_CaptureCallback
 .text.Front_HCSR04
                0x08007aa8       0x4c ./app/HC_SR04.o
                0x08007aa8                Front_HCSR04
 .text.Left_HCSR04
                0x08007af4       0x50 ./app/HC_SR04.o
                0x08007af4                Left_HCSR04
 .text.Right_HCSR04
                0x08007b44       0x4c ./app/HC_SR04.o
                0x08007b44                Right_HCSR04
 .text.apInit   0x08007b90       0x58 ./app/ap.o
                0x08007b90                apInit
 .text.apMain   0x08007be8        0xc ./app/ap.o
                0x08007be8                apMain
 .text.delay_us
                0x08007bf4       0x34 ./app/delay_us.o
                0x08007bf4                delay_us
 .text.control_motor
                0x08007c28       0x4c ./app/motor.o
                0x08007c28                control_motor
 .text.select_IN_values_For_Auto_mode
                0x08007c74       0xc0 ./app/motor.o
                0x08007c74                select_IN_values_For_Auto_mode
 .text.select_IN_values
                0x08007d34       0xc8 ./app/motor.o
                0x08007d34                select_IN_values
 .text.enter_IN_values
                0x08007dfc       0x4c ./app/motor.o
                0x08007dfc                enter_IN_values
 .text.enter_duty_of_motor
                0x08007e48       0x30 ./app/motor.o
                0x08007e48                enter_duty_of_motor
 .text.memset   0x08007e78       0x10 C:/ST/STM32CubeIDE_1.16.0/STM32CubeIDE/plugins/com.st.stm32cube.ide.mcu.externaltools.gnu-tools-for-stm32.12.3.rel1.win32_1.0.200.202406191623/tools/bin/../lib/gcc/arm-none-eabi/12.3.1/../../../../arm-none-eabi/lib/thumb/v7e-m+fp/hard\libc_nano.a(libc_a-memset.o)
                0x08007e78                memset
 .text._reclaim_reent
                0x08007e88       0xac C:/ST/STM32CubeIDE_1.16.0/STM32CubeIDE/plugins/com.st.stm32cube.ide.mcu.externaltools.gnu-tools-for-stm32.12.3.rel1.win32_1.0.200.202406191623/tools/bin/../lib/gcc/arm-none-eabi/12.3.1/../../../../arm-none-eabi/lib/thumb/v7e-m+fp/hard\libc_nano.a(libc_a-reent.o)
                0x08007e88                _reclaim_reent
 .text.__libc_init_array
                0x08007f34       0x48 C:/ST/STM32CubeIDE_1.16.0/STM32CubeIDE/plugins/com.st.stm32cube.ide.mcu.externaltools.gnu-tools-for-stm32.12.3.rel1.win32_1.0.200.202406191623/tools/bin/../lib/gcc/arm-none-eabi/12.3.1/../../../../arm-none-eabi/lib/thumb/v7e-m+fp/hard\libc_nano.a(libc_a-init.o)
                0x08007f34                __libc_init_array
 .text.__retarget_lock_acquire_recursive
                0x08007f7c        0x2 C:/ST/STM32CubeIDE_1.16.0/STM32CubeIDE/plugins/com.st.stm32cube.ide.mcu.externaltools.gnu-tools-for-stm32.12.3.rel1.win32_1.0.200.202406191623/tools/bin/../lib/gcc/arm-none-eabi/12.3.1/../../../../arm-none-eabi/lib/thumb/v7e-m+fp/hard\libc_nano.a(libc_a-lock.o)
                0x08007f7c                __retarget_lock_acquire_recursive
 .text.__retarget_lock_release_recursive
                0x08007f7e        0x2 C:/ST/STM32CubeIDE_1.16.0/STM32CubeIDE/plugins/com.st.stm32cube.ide.mcu.externaltools.gnu-tools-for-stm32.12.3.rel1.win32_1.0.200.202406191623/tools/bin/../lib/gcc/arm-none-eabi/12.3.1/../../../../arm-none-eabi/lib/thumb/v7e-m+fp/hard\libc_nano.a(libc_a-lock.o)
                0x08007f7e                __retarget_lock_release_recursive
 .text.memcpy   0x08007f80       0x1c C:/ST/STM32CubeIDE_1.16.0/STM32CubeIDE/plugins/com.st.stm32cube.ide.mcu.externaltools.gnu-tools-for-stm32.12.3.rel1.win32_1.0.200.202406191623/tools/bin/../lib/gcc/arm-none-eabi/12.3.1/../../../../arm-none-eabi/lib/thumb/v7e-m+fp/hard\libc_nano.a(libc_a-memcpy-stub.o)
                0x08007f80                memcpy
 .text._free_r  0x08007f9c       0x94 C:/ST/STM32CubeIDE_1.16.0/STM32CubeIDE/plugins/com.st.stm32cube.ide.mcu.externaltools.gnu-tools-for-stm32.12.3.rel1.win32_1.0.200.202406191623/tools/bin/../lib/gcc/arm-none-eabi/12.3.1/../../../../arm-none-eabi/lib/thumb/v7e-m+fp/hard\libc_nano.a(libc_a-freer.o)
                0x08007f9c                _free_r
 .text.__malloc_lock
                0x08008030        0xc C:/ST/STM32CubeIDE_1.16.0/STM32CubeIDE/plugins/com.st.stm32cube.ide.mcu.externaltools.gnu-tools-for-stm32.12.3.rel1.win32_1.0.200.202406191623/tools/bin/../lib/gcc/arm-none-eabi/12.3.1/../../../../arm-none-eabi/lib/thumb/v7e-m+fp/hard\libc_nano.a(libc_a-mlock.o)
                0x08008030                __malloc_lock
 .text.__malloc_unlock
                0x0800803c        0xc C:/ST/STM32CubeIDE_1.16.0/STM32CubeIDE/plugins/com.st.stm32cube.ide.mcu.externaltools.gnu-tools-for-stm32.12.3.rel1.win32_1.0.200.202406191623/tools/bin/../lib/gcc/arm-none-eabi/12.3.1/../../../../arm-none-eabi/lib/thumb/v7e-m+fp/hard\libc_nano.a(libc_a-mlock.o)
                0x0800803c                __malloc_unlock
 *(.glue_7)
 .glue_7        0x08008048        0x0 linker stubs
 *(.glue_7t)
 .glue_7t       0x08008048        0x0 linker stubs
 *(.eh_frame)
 .eh_frame      0x08008048        0x0 C:/ST/STM32CubeIDE_1.16.0/STM32CubeIDE/plugins/com.st.stm32cube.ide.mcu.externaltools.gnu-tools-for-stm32.12.3.rel1.win32_1.0.200.202406191623/tools/bin/../lib/gcc/arm-none-eabi/12.3.1/thumb/v7e-m+fp/hard/crtbegin.o
 *(.init)
 .init          0x08008048        0x4 C:/ST/STM32CubeIDE_1.16.0/STM32CubeIDE/plugins/com.st.stm32cube.ide.mcu.externaltools.gnu-tools-for-stm32.12.3.rel1.win32_1.0.200.202406191623/tools/bin/../lib/gcc/arm-none-eabi/12.3.1/thumb/v7e-m+fp/hard/crti.o
                0x08008048                _init
 .init          0x0800804c        0x8 C:/ST/STM32CubeIDE_1.16.0/STM32CubeIDE/plugins/com.st.stm32cube.ide.mcu.externaltools.gnu-tools-for-stm32.12.3.rel1.win32_1.0.200.202406191623/tools/bin/../lib/gcc/arm-none-eabi/12.3.1/thumb/v7e-m+fp/hard/crtn.o
 *(.fini)
 .fini          0x08008054        0x4 C:/ST/STM32CubeIDE_1.16.0/STM32CubeIDE/plugins/com.st.stm32cube.ide.mcu.externaltools.gnu-tools-for-stm32.12.3.rel1.win32_1.0.200.202406191623/tools/bin/../lib/gcc/arm-none-eabi/12.3.1/thumb/v7e-m+fp/hard/crti.o
                0x08008054                _fini
 .fini          0x08008058        0x8 C:/ST/STM32CubeIDE_1.16.0/STM32CubeIDE/plugins/com.st.stm32cube.ide.mcu.externaltools.gnu-tools-for-stm32.12.3.rel1.win32_1.0.200.202406191623/tools/bin/../lib/gcc/arm-none-eabi/12.3.1/thumb/v7e-m+fp/hard/crtn.o
                0x08008060                        . = ALIGN (0x4)
                0x08008060                        _etext = .

.vfp11_veneer   0x08008060        0x0
 .vfp11_veneer  0x08008060        0x0 linker stubs

.v4_bx          0x08008060        0x0
 .v4_bx         0x08008060        0x0 linker stubs

.iplt           0x08008060        0x0
 .iplt          0x08008060        0x0 C:/ST/STM32CubeIDE_1.16.0/STM32CubeIDE/plugins/com.st.stm32cube.ide.mcu.externaltools.gnu-tools-for-stm32.12.3.rel1.win32_1.0.200.202406191623/tools/bin/../lib/gcc/arm-none-eabi/12.3.1/thumb/v7e-m+fp/hard/crtbegin.o

.rodata         0x08008060       0xd0
                0x08008060                        . = ALIGN (0x4)
 *(.rodata)
 .rodata        0x08008060       0x2c ./Core/Src/freertos.o
 .rodata        0x0800808c        0x5 ./Middlewares/Third_Party/FreeRTOS/Source/tasks.o
 *fill*         0x08008091        0x3 
 .rodata        0x08008094        0xd ./Middlewares/Third_Party/FreeRTOS/Source/timers.o
 *(.rodata*)
 *fill*         0x080080a1        0x3 
 .rodata.defaultTask_attributes
                0x080080a4       0x24 ./Core/Src/freertos.o
                0x080080a4                defaultTask_attributes
 .rodata.Control_RC_Car_attributes
                0x080080c8       0x24 ./Core/Src/freertos.o
                0x080080c8                Control_RC_Car_attributes
 .rodata.Control_RC_Car__attributes
                0x080080ec       0x24 ./Core/Src/freertos.o
                0x080080ec                Control_RC_Car__attributes
 .rodata.AHBPrescTable
                0x08008110       0x10 ./Core/Src/system_stm32f4xx.o
                0x08008110                AHBPrescTable
 .rodata.APBPrescTable
                0x08008120        0x8 ./Core/Src/system_stm32f4xx.o
                0x08008120                APBPrescTable
 .rodata.flagBitshiftOffset.0
                0x08008128        0x8 ./Drivers/STM32F4xx_HAL_Driver/Src/stm32f4xx_hal_dma.o
                0x08008130                        . = ALIGN (0x4)

.ARM.extab      0x08008130        0x0
                0x08008130                        . = ALIGN (0x4)
 *(.ARM.extab* .gnu.linkonce.armextab.*)
                0x08008130                        . = ALIGN (0x4)

.ARM            0x08008130        0x8
                0x08008130                        . = ALIGN (0x4)
                0x08008130                        __exidx_start = .
 *(.ARM.exidx*)
 .ARM.exidx     0x08008130        0x8 C:/ST/STM32CubeIDE_1.16.0/STM32CubeIDE/plugins/com.st.stm32cube.ide.mcu.externaltools.gnu-tools-for-stm32.12.3.rel1.win32_1.0.200.202406191623/tools/bin/../lib/gcc/arm-none-eabi/12.3.1/thumb/v7e-m+fp/hard\libgcc.a(_udivmoddi4.o)
                0x08008138                        __exidx_end = .
                0x08008138                        . = ALIGN (0x4)

.preinit_array  0x08008138        0x0
                0x08008138                        . = ALIGN (0x4)
                0x08008138                        PROVIDE (__preinit_array_start = .)
 *(.preinit_array*)
                0x08008138                        PROVIDE (__preinit_array_end = .)
                0x08008138                        . = ALIGN (0x4)

.init_array     0x08008138        0x4
                0x08008138                        . = ALIGN (0x4)
                0x08008138                        PROVIDE (__init_array_start = .)
 *(SORT_BY_NAME(.init_array.*))
 *(.init_array*)
 .init_array    0x08008138        0x4 C:/ST/STM32CubeIDE_1.16.0/STM32CubeIDE/plugins/com.st.stm32cube.ide.mcu.externaltools.gnu-tools-for-stm32.12.3.rel1.win32_1.0.200.202406191623/tools/bin/../lib/gcc/arm-none-eabi/12.3.1/thumb/v7e-m+fp/hard/crtbegin.o
                0x0800813c                        PROVIDE (__init_array_end = .)
                0x0800813c                        . = ALIGN (0x4)

.fini_array     0x0800813c        0x4
                0x0800813c                        . = ALIGN (0x4)
                [!provide]                        PROVIDE (__fini_array_start = .)
 *(SORT_BY_NAME(.fini_array.*))
 *(.fini_array*)
 .fini_array    0x0800813c        0x4 C:/ST/STM32CubeIDE_1.16.0/STM32CubeIDE/plugins/com.st.stm32cube.ide.mcu.externaltools.gnu-tools-for-stm32.12.3.rel1.win32_1.0.200.202406191623/tools/bin/../lib/gcc/arm-none-eabi/12.3.1/thumb/v7e-m+fp/hard/crtbegin.o
                [!provide]                        PROVIDE (__fini_array_end = .)
                0x08008140                        . = ALIGN (0x4)
                0x08008140                        _sidata = LOADADDR (.data)

.rel.dyn        0x08008140        0x0
 .rel.iplt      0x08008140        0x0 C:/ST/STM32CubeIDE_1.16.0/STM32CubeIDE/plugins/com.st.stm32cube.ide.mcu.externaltools.gnu-tools-for-stm32.12.3.rel1.win32_1.0.200.202406191623/tools/bin/../lib/gcc/arm-none-eabi/12.3.1/thumb/v7e-m+fp/hard/crtbegin.o

.data           0x20000000       0x60 load address 0x08008140
                0x20000000                        . = ALIGN (0x4)
                0x20000000                        _sdata = .
 *(.data)
 *(.data*)
 .data.SystemCoreClock
                0x20000000        0x4 ./Core/Src/system_stm32f4xx.o
                0x20000000                SystemCoreClock
 .data.uwTickPrio
                0x20000004        0x4 ./Drivers/STM32F4xx_HAL_Driver/Src/stm32f4xx_hal.o
                0x20000004                uwTickPrio
 .data.uwTickFreq
                0x20000008        0x1 ./Drivers/STM32F4xx_HAL_Driver/Src/stm32f4xx_hal.o
                0x20000008                uwTickFreq
 *fill*         0x20000009        0x3 
 .data.uxCriticalNesting
                0x2000000c        0x4 ./Middlewares/Third_Party/FreeRTOS/Source/portable/GCC/ARM_CM4F/port.o
 .data._impure_ptr
                0x20000010        0x4 C:/ST/STM32CubeIDE_1.16.0/STM32CubeIDE/plugins/com.st.stm32cube.ide.mcu.externaltools.gnu-tools-for-stm32.12.3.rel1.win32_1.0.200.202406191623/tools/bin/../lib/gcc/arm-none-eabi/12.3.1/../../../../arm-none-eabi/lib/thumb/v7e-m+fp/hard\libc_nano.a(libc_a-impure.o)
                0x20000010                _impure_ptr
 .data._impure_data
                0x20000014       0x4c C:/ST/STM32CubeIDE_1.16.0/STM32CubeIDE/plugins/com.st.stm32cube.ide.mcu.externaltools.gnu-tools-for-stm32.12.3.rel1.win32_1.0.200.202406191623/tools/bin/../lib/gcc/arm-none-eabi/12.3.1/../../../../arm-none-eabi/lib/thumb/v7e-m+fp/hard\libc_nano.a(libc_a-impure.o)
                0x20000014                _impure_data
 *(.RamFunc)
 *(.RamFunc*)
                0x20000060                        . = ALIGN (0x4)
                0x20000060                        _edata = .

.igot.plt       0x20000060        0x0 load address 0x080081a0
 .igot.plt      0x20000060        0x0 C:/ST/STM32CubeIDE_1.16.0/STM32CubeIDE/plugins/com.st.stm32cube.ide.mcu.externaltools.gnu-tools-for-stm32.12.3.rel1.win32_1.0.200.202406191623/tools/bin/../lib/gcc/arm-none-eabi/12.3.1/thumb/v7e-m+fp/hard/crtbegin.o
                0x20000060                        . = ALIGN (0x4)

.bss            0x20000060     0x4df4 load address 0x080081a0
                0x20000060                        _sbss = .
                0x20000060                        __bss_start__ = _sbss
 *(.bss)
 .bss           0x20000060       0x1c C:/ST/STM32CubeIDE_1.16.0/STM32CubeIDE/plugins/com.st.stm32cube.ide.mcu.externaltools.gnu-tools-for-stm32.12.3.rel1.win32_1.0.200.202406191623/tools/bin/../lib/gcc/arm-none-eabi/12.3.1/thumb/v7e-m+fp/hard/crtbegin.o
 *(.bss*)
 .bss.defaultTaskHandle
                0x2000007c        0x4 ./Core/Src/freertos.o
                0x2000007c                defaultTaskHandle
 .bss.Control_RC_CarHandle
                0x20000080        0x4 ./Core/Src/freertos.o
                0x20000080                Control_RC_CarHandle
 .bss.Control_RC_Car_Handle
                0x20000084        0x4 ./Core/Src/freertos.o
                0x20000084                Control_RC_Car_Handle
 .bss.htim11    0x20000088       0x48 ./Core/Src/stm32f4xx_hal_timebase_tim.o
                0x20000088                htim11
 .bss.htim1     0x200000d0       0x48 ./Core/Src/tim.o
                0x200000d0                htim1
 .bss.htim2     0x20000118       0x48 ./Core/Src/tim.o
                0x20000118                htim2
 .bss.htim3     0x20000160       0x48 ./Core/Src/tim.o
                0x20000160                htim3
 .bss.htim10    0x200001a8       0x48 ./Core/Src/tim.o
                0x200001a8                htim10
 .bss.huart1    0x200001f0       0x48 ./Core/Src/usart.o
                0x200001f0                huart1
 .bss.hdma_usart1_rx
                0x20000238       0x60 ./Core/Src/usart.o
                0x20000238                hdma_usart1_rx
 .bss.hdma_usart1_tx
                0x20000298       0x60 ./Core/Src/usart.o
                0x20000298                hdma_usart1_tx
 .bss.uwTick    0x200002f8        0x4 ./Drivers/STM32F4xx_HAL_Driver/Src/stm32f4xx_hal.o
                0x200002f8                uwTick
 .bss.KernelState
                0x200002fc        0x4 ./Middlewares/Third_Party/FreeRTOS/Source/CMSIS_RTOS_V2/cmsis_os2.o
 .bss.Idle_TCB.3
                0x20000300       0xa8 ./Middlewares/Third_Party/FreeRTOS/Source/CMSIS_RTOS_V2/cmsis_os2.o
 .bss.Idle_Stack.2
                0x200003a8      0x200 ./Middlewares/Third_Party/FreeRTOS/Source/CMSIS_RTOS_V2/cmsis_os2.o
 .bss.Timer_TCB.1
                0x200005a8       0xa8 ./Middlewares/Third_Party/FreeRTOS/Source/CMSIS_RTOS_V2/cmsis_os2.o
 .bss.Timer_Stack.0
                0x20000650      0x400 ./Middlewares/Third_Party/FreeRTOS/Source/CMSIS_RTOS_V2/cmsis_os2.o
 .bss.xQueueRegistry
                0x20000a50       0x40 ./Middlewares/Third_Party/FreeRTOS/Source/queue.o
                0x20000a50                xQueueRegistry
 .bss.pxCurrentTCB
                0x20000a90        0x4 ./Middlewares/Third_Party/FreeRTOS/Source/tasks.o
                0x20000a90                pxCurrentTCB
 .bss.pxReadyTasksLists
                0x20000a94      0x460 ./Middlewares/Third_Party/FreeRTOS/Source/tasks.o
 .bss.xDelayedTaskList1
                0x20000ef4       0x14 ./Middlewares/Third_Party/FreeRTOS/Source/tasks.o
 .bss.xDelayedTaskList2
                0x20000f08       0x14 ./Middlewares/Third_Party/FreeRTOS/Source/tasks.o
 .bss.pxDelayedTaskList
                0x20000f1c        0x4 ./Middlewares/Third_Party/FreeRTOS/Source/tasks.o
 .bss.pxOverflowDelayedTaskList
                0x20000f20        0x4 ./Middlewares/Third_Party/FreeRTOS/Source/tasks.o
 .bss.xPendingReadyList
                0x20000f24       0x14 ./Middlewares/Third_Party/FreeRTOS/Source/tasks.o
 .bss.xTasksWaitingTermination
                0x20000f38       0x14 ./Middlewares/Third_Party/FreeRTOS/Source/tasks.o
 .bss.uxDeletedTasksWaitingCleanUp
                0x20000f4c        0x4 ./Middlewares/Third_Party/FreeRTOS/Source/tasks.o
 .bss.xSuspendedTaskList
                0x20000f50       0x14 ./Middlewares/Third_Party/FreeRTOS/Source/tasks.o
 .bss.uxCurrentNumberOfTasks
                0x20000f64        0x4 ./Middlewares/Third_Party/FreeRTOS/Source/tasks.o
 .bss.xTickCount
                0x20000f68        0x4 ./Middlewares/Third_Party/FreeRTOS/Source/tasks.o
 .bss.uxTopReadyPriority
                0x20000f6c        0x4 ./Middlewares/Third_Party/FreeRTOS/Source/tasks.o
 .bss.xSchedulerRunning
                0x20000f70        0x4 ./Middlewares/Third_Party/FreeRTOS/Source/tasks.o
 .bss.xPendedTicks
                0x20000f74        0x4 ./Middlewares/Third_Party/FreeRTOS/Source/tasks.o
 .bss.xYieldPending
                0x20000f78        0x4 ./Middlewares/Third_Party/FreeRTOS/Source/tasks.o
 .bss.xNumOfOverflows
                0x20000f7c        0x4 ./Middlewares/Third_Party/FreeRTOS/Source/tasks.o
 .bss.uxTaskNumber
                0x20000f80        0x4 ./Middlewares/Third_Party/FreeRTOS/Source/tasks.o
 .bss.xNextTaskUnblockTime
                0x20000f84        0x4 ./Middlewares/Third_Party/FreeRTOS/Source/tasks.o
 .bss.xIdleTaskHandle
                0x20000f88        0x4 ./Middlewares/Third_Party/FreeRTOS/Source/tasks.o
 .bss.uxSchedulerSuspended
                0x20000f8c        0x4 ./Middlewares/Third_Party/FreeRTOS/Source/tasks.o
 .bss.xActiveTimerList1
                0x20000f90       0x14 ./Middlewares/Third_Party/FreeRTOS/Source/timers.o
 .bss.xActiveTimerList2
                0x20000fa4       0x14 ./Middlewares/Third_Party/FreeRTOS/Source/timers.o
 .bss.pxCurrentTimerList
                0x20000fb8        0x4 ./Middlewares/Third_Party/FreeRTOS/Source/timers.o
 .bss.pxOverflowTimerList
                0x20000fbc        0x4 ./Middlewares/Third_Party/FreeRTOS/Source/timers.o
 .bss.xTimerQueue
                0x20000fc0        0x4 ./Middlewares/Third_Party/FreeRTOS/Source/timers.o
 .bss.xTimerTaskHandle
                0x20000fc4        0x4 ./Middlewares/Third_Party/FreeRTOS/Source/timers.o
 .bss.xLastTime.2
                0x20000fc8        0x4 ./Middlewares/Third_Party/FreeRTOS/Source/timers.o
 .bss.ucStaticTimerQueueStorage.1
                0x20000fcc       0xa0 ./Middlewares/Third_Party/FreeRTOS/Source/timers.o
 .bss.xStaticTimerQueue.0
                0x2000106c       0x50 ./Middlewares/Third_Party/FreeRTOS/Source/timers.o
 .bss.ucMaxSysCallPriority
                0x200010bc        0x1 ./Middlewares/Third_Party/FreeRTOS/Source/portable/GCC/ARM_CM4F/port.o
 *fill*         0x200010bd        0x3 
 .bss.ulMaxPRIGROUPValue
                0x200010c0        0x4 ./Middlewares/Third_Party/FreeRTOS/Source/portable/GCC/ARM_CM4F/port.o
 .bss.ucHeap    0x200010c4     0x3c00 ./Middlewares/Third_Party/FreeRTOS/Source/portable/MemMang/heap_4.o
 .bss.xStart    0x20004cc4        0x8 ./Middlewares/Third_Party/FreeRTOS/Source/portable/MemMang/heap_4.o
 .bss.pxEnd     0x20004ccc        0x4 ./Middlewares/Third_Party/FreeRTOS/Source/portable/MemMang/heap_4.o
 .bss.xFreeBytesRemaining
                0x20004cd0        0x4 ./Middlewares/Third_Party/FreeRTOS/Source/portable/MemMang/heap_4.o
 .bss.xMinimumEverFreeBytesRemaining
                0x20004cd4        0x4 ./Middlewares/Third_Party/FreeRTOS/Source/portable/MemMang/heap_4.o
 .bss.xNumberOfSuccessfulAllocations
                0x20004cd8        0x4 ./Middlewares/Third_Party/FreeRTOS/Source/portable/MemMang/heap_4.o
 .bss.xNumberOfSuccessfulFrees
                0x20004cdc        0x4 ./Middlewares/Third_Party/FreeRTOS/Source/portable/MemMang/heap_4.o
 .bss.xBlockAllocatedBit
                0x20004ce0        0x4 ./Middlewares/Third_Party/FreeRTOS/Source/portable/MemMang/heap_4.o
 .bss.distance  0x20004ce4        0x3 ./app/HC_SR04.o
                0x20004ce4                distance
 *fill*         0x20004ce7        0x1 
 .bss.IC_Value1
                0x20004ce8        0x6 ./app/HC_SR04.o
 *fill*         0x20004cee        0x2 
 .bss.IC_Value2
                0x20004cf0        0x6 ./app/HC_SR04.o
 *fill*         0x20004cf6        0x2 
 .bss.echoTime  0x20004cf8        0x6 ./app/HC_SR04.o
 *fill*         0x20004cfe        0x2 
 .bss.captureFlag
                0x20004d00        0x3 ./app/HC_SR04.o
 *fill*         0x20004d03        0x1 
 .bss.receive_data
                0x20004d04        0x8 ./app/ap.o
                0x20004d04                receive_data
 .bss.previous_receive_data
                0x20004d0c        0x1 ./app/ap.o
                0x20004d0c                previous_receive_data
 .bss.auto_manual
                0x20004d0d        0x1 ./app/ap.o
                0x20004d0d                auto_manual
 *fill*         0x20004d0e        0x2 
 .bss.IN_values
                0x20004d10        0x4 ./app/motor.o
                0x20004d10                IN_values
 .bss.__sf      0x20004d14      0x138 C:/ST/STM32CubeIDE_1.16.0/STM32CubeIDE/plugins/com.st.stm32cube.ide.mcu.externaltools.gnu-tools-for-stm32.12.3.rel1.win32_1.0.200.202406191623/tools/bin/../lib/gcc/arm-none-eabi/12.3.1/../../../../arm-none-eabi/lib/thumb/v7e-m+fp/hard\libc_nano.a(libc_a-findfp.o)
                0x20004d14                __sf
 .bss.__lock___malloc_recursive_mutex
                0x20004e4c        0x1 C:/ST/STM32CubeIDE_1.16.0/STM32CubeIDE/plugins/com.st.stm32cube.ide.mcu.externaltools.gnu-tools-for-stm32.12.3.rel1.win32_1.0.200.202406191623/tools/bin/../lib/gcc/arm-none-eabi/12.3.1/../../../../arm-none-eabi/lib/thumb/v7e-m+fp/hard\libc_nano.a(libc_a-lock.o)
                0x20004e4c                __lock___malloc_recursive_mutex
 *fill*         0x20004e4d        0x3 
 .bss.__malloc_free_list
                0x20004e50        0x4 C:/ST/STM32CubeIDE_1.16.0/STM32CubeIDE/plugins/com.st.stm32cube.ide.mcu.externaltools.gnu-tools-for-stm32.12.3.rel1.win32_1.0.200.202406191623/tools/bin/../lib/gcc/arm-none-eabi/12.3.1/../../../../arm-none-eabi/lib/thumb/v7e-m+fp/hard\libc_nano.a(libc_a-mallocr.o)
                0x20004e50                __malloc_free_list
 *(COMMON)
                0x20004e54                        . = ALIGN (0x4)
                0x20004e54                        _ebss = .
                0x20004e54                        __bss_end__ = _ebss

._user_heap_stack
                0x20004e54      0x604 load address 0x080081a0
                0x20004e58                        . = ALIGN (0x8)
 *fill*         0x20004e54        0x4 
                [!provide]                        PROVIDE (end = .)
                0x20004e58                        PROVIDE (_end = .)
                0x20005058                        . = (. + _Min_Heap_Size)
 *fill*         0x20004e58      0x200 
                0x20005458                        . = (. + _Min_Stack_Size)
 *fill*         0x20005058      0x400 
                0x20005458                        . = ALIGN (0x8)

/DISCARD/
 libc.a(*)
 libm.a(*)
 libgcc.a(*)

.ARM.attributes
                0x00000000       0x30
 *(.ARM.attributes)
 .ARM.attributes
                0x00000000       0x22 C:/ST/STM32CubeIDE_1.16.0/STM32CubeIDE/plugins/com.st.stm32cube.ide.mcu.externaltools.gnu-tools-for-stm32.12.3.rel1.win32_1.0.200.202406191623/tools/bin/../lib/gcc/arm-none-eabi/12.3.1/thumb/v7e-m+fp/hard/crti.o
 .ARM.attributes
                0x00000022       0x34 C:/ST/STM32CubeIDE_1.16.0/STM32CubeIDE/plugins/com.st.stm32cube.ide.mcu.externaltools.gnu-tools-for-stm32.12.3.rel1.win32_1.0.200.202406191623/tools/bin/../lib/gcc/arm-none-eabi/12.3.1/thumb/v7e-m+fp/hard/crtbegin.o
 .ARM.attributes
                0x00000056       0x34 ./Core/Src/dma.o
 .ARM.attributes
                0x0000008a       0x34 ./Core/Src/freertos.o
 .ARM.attributes
                0x000000be       0x34 ./Core/Src/gpio.o
 .ARM.attributes
                0x000000f2       0x34 ./Core/Src/main.o
 .ARM.attributes
                0x00000126       0x34 ./Core/Src/stm32f4xx_hal_msp.o
 .ARM.attributes
                0x0000015a       0x34 ./Core/Src/stm32f4xx_hal_timebase_tim.o
 .ARM.attributes
                0x0000018e       0x34 ./Core/Src/stm32f4xx_it.o
 .ARM.attributes
                0x000001c2       0x34 ./Core/Src/system_stm32f4xx.o
 .ARM.attributes
                0x000001f6       0x34 ./Core/Src/tim.o
 .ARM.attributes
                0x0000022a       0x34 ./Core/Src/usart.o
 .ARM.attributes
                0x0000025e       0x21 ./Core/Startup/startup_stm32f411retx.o
 .ARM.attributes
                0x0000027f       0x34 ./Drivers/STM32F4xx_HAL_Driver/Src/stm32f4xx_hal.o
 .ARM.attributes
                0x000002b3       0x34 ./Drivers/STM32F4xx_HAL_Driver/Src/stm32f4xx_hal_cortex.o
 .ARM.attributes
                0x000002e7       0x34 ./Drivers/STM32F4xx_HAL_Driver/Src/stm32f4xx_hal_dma.o
 .ARM.attributes
                0x0000031b       0x34 ./Drivers/STM32F4xx_HAL_Driver/Src/stm32f4xx_hal_gpio.o
 .ARM.attributes
                0x0000034f       0x34 ./Drivers/STM32F4xx_HAL_Driver/Src/stm32f4xx_hal_rcc.o
 .ARM.attributes
                0x00000383       0x34 ./Drivers/STM32F4xx_HAL_Driver/Src/stm32f4xx_hal_tim.o
 .ARM.attributes
                0x000003b7       0x34 ./Drivers/STM32F4xx_HAL_Driver/Src/stm32f4xx_hal_tim_ex.o
 .ARM.attributes
                0x000003eb       0x34 ./Drivers/STM32F4xx_HAL_Driver/Src/stm32f4xx_hal_uart.o
 .ARM.attributes
                0x0000041f       0x34 ./Middlewares/Third_Party/FreeRTOS/Source/CMSIS_RTOS_V2/cmsis_os2.o
 .ARM.attributes
                0x00000453       0x34 ./Middlewares/Third_Party/FreeRTOS/Source/list.o
 .ARM.attributes
                0x00000487       0x34 ./Middlewares/Third_Party/FreeRTOS/Source/queue.o
 .ARM.attributes
                0x000004bb       0x34 ./Middlewares/Third_Party/FreeRTOS/Source/tasks.o
 .ARM.attributes
                0x000004ef       0x34 ./Middlewares/Third_Party/FreeRTOS/Source/timers.o
 .ARM.attributes
                0x00000523       0x34 ./Middlewares/Third_Party/FreeRTOS/Source/portable/GCC/ARM_CM4F/port.o
 .ARM.attributes
                0x00000557       0x34 ./Middlewares/Third_Party/FreeRTOS/Source/portable/MemMang/heap_4.o
 .ARM.attributes
                0x0000058b       0x34 ./app/Control_RC_Car.o
 .ARM.attributes
                0x000005bf       0x34 ./app/HC_SR04.o
 .ARM.attributes
                0x000005f3       0x34 ./app/ap.o
 .ARM.attributes
                0x00000627       0x34 ./app/delay_us.o
 .ARM.attributes
                0x0000065b       0x34 ./app/motor.o
 .ARM.attributes
                0x0000068f       0x34 C:/ST/STM32CubeIDE_1.16.0/STM32CubeIDE/plugins/com.st.stm32cube.ide.mcu.externaltools.gnu-tools-for-stm32.12.3.rel1.win32_1.0.200.202406191623/tools/bin/../lib/gcc/arm-none-eabi/12.3.1/../../../../arm-none-eabi/lib/thumb/v7e-m+fp/hard\libc_nano.a(libc_a-findfp.o)
 .ARM.attributes
                0x000006c3       0x34 C:/ST/STM32CubeIDE_1.16.0/STM32CubeIDE/plugins/com.st.stm32cube.ide.mcu.externaltools.gnu-tools-for-stm32.12.3.rel1.win32_1.0.200.202406191623/tools/bin/../lib/gcc/arm-none-eabi/12.3.1/../../../../arm-none-eabi/lib/thumb/v7e-m+fp/hard\libc_nano.a(libc_a-memset.o)
 .ARM.attributes
                0x000006f7       0x34 C:/ST/STM32CubeIDE_1.16.0/STM32CubeIDE/plugins/com.st.stm32cube.ide.mcu.externaltools.gnu-tools-for-stm32.12.3.rel1.win32_1.0.200.202406191623/tools/bin/../lib/gcc/arm-none-eabi/12.3.1/../../../../arm-none-eabi/lib/thumb/v7e-m+fp/hard\libc_nano.a(libc_a-reent.o)
 .ARM.attributes
                0x0000072b       0x34 C:/ST/STM32CubeIDE_1.16.0/STM32CubeIDE/plugins/com.st.stm32cube.ide.mcu.externaltools.gnu-tools-for-stm32.12.3.rel1.win32_1.0.200.202406191623/tools/bin/../lib/gcc/arm-none-eabi/12.3.1/../../../../arm-none-eabi/lib/thumb/v7e-m+fp/hard\libc_nano.a(libc_a-impure.o)
 .ARM.attributes
                0x0000075f       0x34 C:/ST/STM32CubeIDE_1.16.0/STM32CubeIDE/plugins/com.st.stm32cube.ide.mcu.externaltools.gnu-tools-for-stm32.12.3.rel1.win32_1.0.200.202406191623/tools/bin/../lib/gcc/arm-none-eabi/12.3.1/../../../../arm-none-eabi/lib/thumb/v7e-m+fp/hard\libc_nano.a(libc_a-init.o)
 .ARM.attributes
                0x00000793       0x34 C:/ST/STM32CubeIDE_1.16.0/STM32CubeIDE/plugins/com.st.stm32cube.ide.mcu.externaltools.gnu-tools-for-stm32.12.3.rel1.win32_1.0.200.202406191623/tools/bin/../lib/gcc/arm-none-eabi/12.3.1/../../../../arm-none-eabi/lib/thumb/v7e-m+fp/hard\libc_nano.a(libc_a-lock.o)
 .ARM.attributes
                0x000007c7       0x34 C:/ST/STM32CubeIDE_1.16.0/STM32CubeIDE/plugins/com.st.stm32cube.ide.mcu.externaltools.gnu-tools-for-stm32.12.3.rel1.win32_1.0.200.202406191623/tools/bin/../lib/gcc/arm-none-eabi/12.3.1/../../../../arm-none-eabi/lib/thumb/v7e-m+fp/hard\libc_nano.a(libc_a-memcpy-stub.o)
 .ARM.attributes
                0x000007fb       0x34 C:/ST/STM32CubeIDE_1.16.0/STM32CubeIDE/plugins/com.st.stm32cube.ide.mcu.externaltools.gnu-tools-for-stm32.12.3.rel1.win32_1.0.200.202406191623/tools/bin/../lib/gcc/arm-none-eabi/12.3.1/../../../../arm-none-eabi/lib/thumb/v7e-m+fp/hard\libc_nano.a(libc_a-freer.o)
 .ARM.attributes
                0x0000082f       0x34 C:/ST/STM32CubeIDE_1.16.0/STM32CubeIDE/plugins/com.st.stm32cube.ide.mcu.externaltools.gnu-tools-for-stm32.12.3.rel1.win32_1.0.200.202406191623/tools/bin/../lib/gcc/arm-none-eabi/12.3.1/../../../../arm-none-eabi/lib/thumb/v7e-m+fp/hard\libc_nano.a(libc_a-mallocr.o)
 .ARM.attributes
                0x00000863       0x34 C:/ST/STM32CubeIDE_1.16.0/STM32CubeIDE/plugins/com.st.stm32cube.ide.mcu.externaltools.gnu-tools-for-stm32.12.3.rel1.win32_1.0.200.202406191623/tools/bin/../lib/gcc/arm-none-eabi/12.3.1/../../../../arm-none-eabi/lib/thumb/v7e-m+fp/hard\libc_nano.a(libc_a-mlock.o)
 .ARM.attributes
                0x00000897       0x22 C:/ST/STM32CubeIDE_1.16.0/STM32CubeIDE/plugins/com.st.stm32cube.ide.mcu.externaltools.gnu-tools-for-stm32.12.3.rel1.win32_1.0.200.202406191623/tools/bin/../lib/gcc/arm-none-eabi/12.3.1/thumb/v7e-m+fp/hard\libgcc.a(_aeabi_uldivmod.o)
 .ARM.attributes
                0x000008b9       0x34 C:/ST/STM32CubeIDE_1.16.0/STM32CubeIDE/plugins/com.st.stm32cube.ide.mcu.externaltools.gnu-tools-for-stm32.12.3.rel1.win32_1.0.200.202406191623/tools/bin/../lib/gcc/arm-none-eabi/12.3.1/thumb/v7e-m+fp/hard\libgcc.a(_udivmoddi4.o)
 .ARM.attributes
                0x000008ed       0x22 C:/ST/STM32CubeIDE_1.16.0/STM32CubeIDE/plugins/com.st.stm32cube.ide.mcu.externaltools.gnu-tools-for-stm32.12.3.rel1.win32_1.0.200.202406191623/tools/bin/../lib/gcc/arm-none-eabi/12.3.1/thumb/v7e-m+fp/hard\libgcc.a(_dvmd_tls.o)
 .ARM.attributes
                0x0000090f       0x22 C:/ST/STM32CubeIDE_1.16.0/STM32CubeIDE/plugins/com.st.stm32cube.ide.mcu.externaltools.gnu-tools-for-stm32.12.3.rel1.win32_1.0.200.202406191623/tools/bin/../lib/gcc/arm-none-eabi/12.3.1/thumb/v7e-m+fp/hard/crtn.o
OUTPUT(Project_Auto_RC_Car.elf elf32-littlearm)
LOAD linker stubs
LOAD C:/ST/STM32CubeIDE_1.16.0/STM32CubeIDE/plugins/com.st.stm32cube.ide.mcu.externaltools.gnu-tools-for-stm32.12.3.rel1.win32_1.0.200.202406191623/tools/bin/../lib/gcc/arm-none-eabi/12.3.1/../../../../arm-none-eabi/lib/thumb/v7e-m+fp/hard\libc.a
LOAD C:/ST/STM32CubeIDE_1.16.0/STM32CubeIDE/plugins/com.st.stm32cube.ide.mcu.externaltools.gnu-tools-for-stm32.12.3.rel1.win32_1.0.200.202406191623/tools/bin/../lib/gcc/arm-none-eabi/12.3.1/../../../../arm-none-eabi/lib/thumb/v7e-m+fp/hard\libm.a
LOAD C:/ST/STM32CubeIDE_1.16.0/STM32CubeIDE/plugins/com.st.stm32cube.ide.mcu.externaltools.gnu-tools-for-stm32.12.3.rel1.win32_1.0.200.202406191623/tools/bin/../lib/gcc/arm-none-eabi/12.3.1/thumb/v7e-m+fp/hard\libgcc.a

.debug_info     0x00000000    0x1b775
 .debug_info    0x00000000      0x445 ./Core/Src/dma.o
 .debug_info    0x00000445      0x5ae ./Core/Src/freertos.o
 .debug_info    0x000009f3      0x433 ./Core/Src/gpio.o
 .debug_info    0x00000e26      0xb80 ./Core/Src/main.o
 .debug_info    0x000019a6      0x44f ./Core/Src/stm32f4xx_hal_msp.o
 .debug_info    0x00001df5      0xb75 ./Core/Src/stm32f4xx_hal_timebase_tim.o
 .debug_info    0x0000296a      0x725 ./Core/Src/stm32f4xx_it.o
 .debug_info    0x0000308f      0x53e ./Core/Src/system_stm32f4xx.o
 .debug_info    0x000035cd     0x117f ./Core/Src/tim.o
 .debug_info    0x0000474c      0x999 ./Core/Src/usart.o
 .debug_info    0x000050e5       0x30 ./Core/Startup/startup_stm32f411retx.o
 .debug_info    0x00005115      0x8c4 ./Drivers/STM32F4xx_HAL_Driver/Src/stm32f4xx_hal.o
 .debug_info    0x000059d9      0xcfc ./Drivers/STM32F4xx_HAL_Driver/Src/stm32f4xx_hal_cortex.o
 .debug_info    0x000066d5      0x8e6 ./Drivers/STM32F4xx_HAL_Driver/Src/stm32f4xx_hal_dma.o
 .debug_info    0x00006fbb      0x6f9 ./Drivers/STM32F4xx_HAL_Driver/Src/stm32f4xx_hal_gpio.o
 .debug_info    0x000076b4      0x8f0 ./Drivers/STM32F4xx_HAL_Driver/Src/stm32f4xx_hal_rcc.o
 .debug_info    0x00007fa4     0x2996 ./Drivers/STM32F4xx_HAL_Driver/Src/stm32f4xx_hal_tim.o
 .debug_info    0x0000a93a     0x14d4 ./Drivers/STM32F4xx_HAL_Driver/Src/stm32f4xx_hal_tim_ex.o
 .debug_info    0x0000be0e     0x2f56 ./Drivers/STM32F4xx_HAL_Driver/Src/stm32f4xx_hal_uart.o
 .debug_info    0x0000ed64     0x4079 ./Middlewares/Third_Party/FreeRTOS/Source/CMSIS_RTOS_V2/cmsis_os2.o
 .debug_info    0x00012ddd      0x2af ./Middlewares/Third_Party/FreeRTOS/Source/list.o
 .debug_info    0x0001308c     0x1b79 ./Middlewares/Third_Party/FreeRTOS/Source/queue.o
 .debug_info    0x00014c05     0x28c1 ./Middlewares/Third_Party/FreeRTOS/Source/tasks.o
 .debug_info    0x000174c6     0x1b50 ./Middlewares/Third_Party/FreeRTOS/Source/timers.o
 .debug_info    0x00019016      0x4de ./Middlewares/Third_Party/FreeRTOS/Source/portable/GCC/ARM_CM4F/port.o
 .debug_info    0x000194f4      0x4d5 ./Middlewares/Third_Party/FreeRTOS/Source/portable/MemMang/heap_4.o
 .debug_info    0x000199c9      0x124 ./app/Control_RC_Car.o
 .debug_info    0x00019aed      0x839 ./app/HC_SR04.o
 .debug_info    0x0001a326      0xa4a ./app/ap.o
 .debug_info    0x0001ad70      0x653 ./app/delay_us.o
 .debug_info    0x0001b3c3      0x3b2 ./app/motor.o

.debug_abbrev   0x00000000     0x429a
 .debug_abbrev  0x00000000      0x10e ./Core/Src/dma.o
 .debug_abbrev  0x0000010e      0x1df ./Core/Src/freertos.o
 .debug_abbrev  0x000002ed      0x151 ./Core/Src/gpio.o
 .debug_abbrev  0x0000043e      0x25e ./Core/Src/main.o
 .debug_abbrev  0x0000069c      0x119 ./Core/Src/stm32f4xx_hal_msp.o
 .debug_abbrev  0x000007b5      0x207 ./Core/Src/stm32f4xx_hal_timebase_tim.o
 .debug_abbrev  0x000009bc      0x194 ./Core/Src/stm32f4xx_it.o
 .debug_abbrev  0x00000b50      0x11a ./Core/Src/system_stm32f4xx.o
 .debug_abbrev  0x00000c6a      0x287 ./Core/Src/tim.o
 .debug_abbrev  0x00000ef1      0x20e ./Core/Src/usart.o
 .debug_abbrev  0x000010ff       0x24 ./Core/Startup/startup_stm32f411retx.o
 .debug_abbrev  0x00001123      0x24b ./Drivers/STM32F4xx_HAL_Driver/Src/stm32f4xx_hal.o
 .debug_abbrev  0x0000136e      0x31d ./Drivers/STM32F4xx_HAL_Driver/Src/stm32f4xx_hal_cortex.o
 .debug_abbrev  0x0000168b      0x221 ./Drivers/STM32F4xx_HAL_Driver/Src/stm32f4xx_hal_dma.o
 .debug_abbrev  0x000018ac      0x1d3 ./Drivers/STM32F4xx_HAL_Driver/Src/stm32f4xx_hal_gpio.o
 .debug_abbrev  0x00001a7f      0x2b6 ./Drivers/STM32F4xx_HAL_Driver/Src/stm32f4xx_hal_rcc.o
 .debug_abbrev  0x00001d35      0x28b ./Drivers/STM32F4xx_HAL_Driver/Src/stm32f4xx_hal_tim.o
 .debug_abbrev  0x00001fc0      0x296 ./Drivers/STM32F4xx_HAL_Driver/Src/stm32f4xx_hal_tim_ex.o
 .debug_abbrev  0x00002256      0x31b ./Drivers/STM32F4xx_HAL_Driver/Src/stm32f4xx_hal_uart.o
 .debug_abbrev  0x00002571      0x548 ./Middlewares/Third_Party/FreeRTOS/Source/CMSIS_RTOS_V2/cmsis_os2.o
 .debug_abbrev  0x00002ab9       0xf5 ./Middlewares/Third_Party/FreeRTOS/Source/list.o
 .debug_abbrev  0x00002bae      0x3b6 ./Middlewares/Third_Party/FreeRTOS/Source/queue.o
 .debug_abbrev  0x00002f64      0x3fe ./Middlewares/Third_Party/FreeRTOS/Source/tasks.o
 .debug_abbrev  0x00003362      0x368 ./Middlewares/Third_Party/FreeRTOS/Source/timers.o
 .debug_abbrev  0x000036ca      0x25c ./Middlewares/Third_Party/FreeRTOS/Source/portable/GCC/ARM_CM4F/port.o
 .debug_abbrev  0x00003926      0x21d ./Middlewares/Third_Party/FreeRTOS/Source/portable/MemMang/heap_4.o
 .debug_abbrev  0x00003b43       0xc0 ./app/Control_RC_Car.o
 .debug_abbrev  0x00003c03      0x1e7 ./app/HC_SR04.o
 .debug_abbrev  0x00003dea      0x1c8 ./app/ap.o
 .debug_abbrev  0x00003fb2      0x171 ./app/delay_us.o
 .debug_abbrev  0x00004123      0x177 ./app/motor.o

.debug_aranges  0x00000000     0x1630
 .debug_aranges
                0x00000000       0x20 ./Core/Src/dma.o
 .debug_aranges
                0x00000020       0x38 ./Core/Src/freertos.o
 .debug_aranges
                0x00000058       0x20 ./Core/Src/gpio.o
 .debug_aranges
                0x00000078       0x38 ./Core/Src/main.o
 .debug_aranges
                0x000000b0       0x20 ./Core/Src/stm32f4xx_hal_msp.o
 .debug_aranges
                0x000000d0       0x30 ./Core/Src/stm32f4xx_hal_timebase_tim.o
 .debug_aranges
                0x00000100       0x70 ./Core/Src/stm32f4xx_it.o
 .debug_aranges
                0x00000170       0x28 ./Core/Src/system_stm32f4xx.o
 .debug_aranges
                0x00000198       0x70 ./Core/Src/tim.o
 .debug_aranges
                0x00000208       0x30 ./Core/Src/usart.o
 .debug_aranges
                0x00000238       0x28 ./Core/Startup/startup_stm32f411retx.o
 .debug_aranges
                0x00000260       0xf0 ./Drivers/STM32F4xx_HAL_Driver/Src/stm32f4xx_hal.o
 .debug_aranges
                0x00000350      0x130 ./Drivers/STM32F4xx_HAL_Driver/Src/stm32f4xx_hal_cortex.o
 .debug_aranges
                0x00000480       0x90 ./Drivers/STM32F4xx_HAL_Driver/Src/stm32f4xx_hal_dma.o
 .debug_aranges
                0x00000510       0x58 ./Drivers/STM32F4xx_HAL_Driver/Src/stm32f4xx_hal_gpio.o
 .debug_aranges
                0x00000568       0x88 ./Drivers/STM32F4xx_HAL_Driver/Src/stm32f4xx_hal_rcc.o
 .debug_aranges
                0x000005f0      0x3d0 ./Drivers/STM32F4xx_HAL_Driver/Src/stm32f4xx_hal_tim.o
 .debug_aranges
                0x000009c0      0x168 ./Drivers/STM32F4xx_HAL_Driver/Src/stm32f4xx_hal_tim_ex.o
 .debug_aranges
                0x00000b28      0x208 ./Drivers/STM32F4xx_HAL_Driver/Src/stm32f4xx_hal_uart.o
 .debug_aranges
                0x00000d30      0x2b0 ./Middlewares/Third_Party/FreeRTOS/Source/CMSIS_RTOS_V2/cmsis_os2.o
 .debug_aranges
                0x00000fe0       0x40 ./Middlewares/Third_Party/FreeRTOS/Source/list.o
 .debug_aranges
                0x00001020      0x158 ./Middlewares/Third_Party/FreeRTOS/Source/queue.o
 .debug_aranges
                0x00001178      0x208 ./Middlewares/Third_Party/FreeRTOS/Source/tasks.o
 .debug_aranges
                0x00001380       0xf0 ./Middlewares/Third_Party/FreeRTOS/Source/timers.o
 .debug_aranges
                0x00001470       0x80 ./Middlewares/Third_Party/FreeRTOS/Source/portable/GCC/ARM_CM4F/port.o
 .debug_aranges
                0x000014f0       0x58 ./Middlewares/Third_Party/FreeRTOS/Source/portable/MemMang/heap_4.o
 .debug_aranges
                0x00001548       0x28 ./app/Control_RC_Car.o
 .debug_aranges
                0x00001570       0x38 ./app/HC_SR04.o
 .debug_aranges
                0x000015a8       0x28 ./app/ap.o
 .debug_aranges
                0x000015d0       0x20 ./app/delay_us.o
 .debug_aranges
                0x000015f0       0x40 ./app/motor.o

.debug_rnglists
                0x00000000     0x1112
 .debug_rnglists
                0x00000000       0x13 ./Core/Src/dma.o
 .debug_rnglists
                0x00000013       0x26 ./Core/Src/freertos.o
 .debug_rnglists
                0x00000039       0x14 ./Core/Src/gpio.o
 .debug_rnglists
                0x0000004d       0x26 ./Core/Src/main.o
 .debug_rnglists
                0x00000073       0x13 ./Core/Src/stm32f4xx_hal_msp.o
 .debug_rnglists
                0x00000086       0x20 ./Core/Src/stm32f4xx_hal_timebase_tim.o
 .debug_rnglists
                0x000000a6       0x4f ./Core/Src/stm32f4xx_it.o
 .debug_rnglists
                0x000000f5       0x1a ./Core/Src/system_stm32f4xx.o
 .debug_rnglists
                0x0000010f       0x55 ./Core/Src/tim.o
 .debug_rnglists
                0x00000164       0x20 ./Core/Src/usart.o
 .debug_rnglists
                0x00000184       0x19 ./Core/Startup/startup_stm32f411retx.o
 .debug_rnglists
                0x0000019d       0xaf ./Drivers/STM32F4xx_HAL_Driver/Src/stm32f4xx_hal.o
 .debug_rnglists
                0x0000024c       0xe0 ./Drivers/STM32F4xx_HAL_Driver/Src/stm32f4xx_hal_cortex.o
 .debug_rnglists
                0x0000032c       0x70 ./Drivers/STM32F4xx_HAL_Driver/Src/stm32f4xx_hal_dma.o
 .debug_rnglists
                0x0000039c       0x3f ./Drivers/STM32F4xx_HAL_Driver/Src/stm32f4xx_hal_gpio.o
 .debug_rnglists
                0x000003db       0x66 ./Drivers/STM32F4xx_HAL_Driver/Src/stm32f4xx_hal_rcc.o
 .debug_rnglists
                0x00000441      0x31a ./Drivers/STM32F4xx_HAL_Driver/Src/stm32f4xx_hal_tim.o
 .debug_rnglists
                0x0000075b      0x125 ./Drivers/STM32F4xx_HAL_Driver/Src/stm32f4xx_hal_tim_ex.o
 .debug_rnglists
                0x00000880      0x1bc ./Drivers/STM32F4xx_HAL_Driver/Src/stm32f4xx_hal_uart.o
 .debug_rnglists
                0x00000a3c      0x212 ./Middlewares/Third_Party/FreeRTOS/Source/CMSIS_RTOS_V2/cmsis_os2.o
 .debug_rnglists
                0x00000c4e       0x2b ./Middlewares/Third_Party/FreeRTOS/Source/list.o
 .debug_rnglists
                0x00000c79      0x109 ./Middlewares/Third_Party/FreeRTOS/Source/queue.o
 .debug_rnglists
                0x00000d82      0x1a0 ./Middlewares/Third_Party/FreeRTOS/Source/tasks.o
 .debug_rnglists
                0x00000f22       0xb8 ./Middlewares/Third_Party/FreeRTOS/Source/timers.o
 .debug_rnglists
                0x00000fda       0x5d ./Middlewares/Third_Party/FreeRTOS/Source/portable/GCC/ARM_CM4F/port.o
 .debug_rnglists
                0x00001037       0x42 ./Middlewares/Third_Party/FreeRTOS/Source/portable/MemMang/heap_4.o
 .debug_rnglists
                0x00001079       0x1a ./app/Control_RC_Car.o
 .debug_rnglists
                0x00001093       0x26 ./app/HC_SR04.o
 .debug_rnglists
                0x000010b9       0x19 ./app/ap.o
 .debug_rnglists
                0x000010d2       0x13 ./app/delay_us.o
 .debug_rnglists
                0x000010e5       0x2d ./app/motor.o

.debug_macro    0x00000000    0x1a01a
 .debug_macro   0x00000000      0x1e2 ./Core/Src/dma.o
 .debug_macro   0x000001e2      0xab4 ./Core/Src/dma.o
 .debug_macro   0x00000c96      0x29b ./Core/Src/dma.o
 .debug_macro   0x00000f31       0x2e ./Core/Src/dma.o
 .debug_macro   0x00000f5f       0x28 ./Core/Src/dma.o
 .debug_macro   0x00000f87       0x22 ./Core/Src/dma.o
 .debug_macro   0x00000fa9       0x8e ./Core/Src/dma.o
 .debug_macro   0x00001037       0x51 ./Core/Src/dma.o
 .debug_macro   0x00001088      0x103 ./Core/Src/dma.o
 .debug_macro   0x0000118b       0x6a ./Core/Src/dma.o
 .debug_macro   0x000011f5      0x1df ./Core/Src/dma.o
 .debug_macro   0x000013d4       0x1c ./Core/Src/dma.o
 .debug_macro   0x000013f0       0x22 ./Core/Src/dma.o
 .debug_macro   0x00001412       0xfb ./Core/Src/dma.o
 .debug_macro   0x0000150d     0x1011 ./Core/Src/dma.o
 .debug_macro   0x0000251e      0x11f ./Core/Src/dma.o
 .debug_macro   0x0000263d     0xb953 ./Core/Src/dma.o
 .debug_macro   0x0000df90       0x6d ./Core/Src/dma.o
 .debug_macro   0x0000dffd     0x369a ./Core/Src/dma.o
 .debug_macro   0x00011697      0x189 ./Core/Src/dma.o
 .debug_macro   0x00011820       0x5c ./Core/Src/dma.o
 .debug_macro   0x0001187c      0x45c ./Core/Src/dma.o
 .debug_macro   0x00011cd8      0x9e9 ./Core/Src/dma.o
 .debug_macro   0x000126c1      0x115 ./Core/Src/dma.o
 .debug_macro   0x000127d6      0x11b ./Core/Src/dma.o
 .debug_macro   0x000128f1       0xa5 ./Core/Src/dma.o
 .debug_macro   0x00012996      0x15f ./Core/Src/dma.o
 .debug_macro   0x00012af5      0x287 ./Core/Src/dma.o
 .debug_macro   0x00012d7c       0x5f ./Core/Src/dma.o
 .debug_macro   0x00012ddb      0x236 ./Core/Src/dma.o
 .debug_macro   0x00013011      0x132 ./Core/Src/dma.o
 .debug_macro   0x00013143      0x264 ./Core/Src/dma.o
 .debug_macro   0x000133a7       0x2e ./Core/Src/dma.o
 .debug_macro   0x000133d5      0x127 ./Core/Src/dma.o
 .debug_macro   0x000134fc       0x85 ./Core/Src/dma.o
 .debug_macro   0x00013581       0x89 ./Core/Src/dma.o
 .debug_macro   0x0001360a      0x8ed ./Core/Src/dma.o
 .debug_macro   0x00013ef7       0x47 ./Core/Src/dma.o
 .debug_macro   0x00013f3e      0x2aa ./Core/Src/dma.o
 .debug_macro   0x000141e8      0x126 ./Core/Src/dma.o
 .debug_macro   0x0001430e      0x357 ./Core/Src/freertos.o
 .debug_macro   0x00014665      0x16f ./Core/Src/freertos.o
 .debug_macro   0x000147d4      0x15a ./Core/Src/freertos.o
 .debug_macro   0x0001492e       0xc9 ./Core/Src/freertos.o
 .debug_macro   0x000149f7       0x1c ./Core/Src/freertos.o
 .debug_macro   0x00014a13       0x26 ./Core/Src/freertos.o
 .debug_macro   0x00014a39       0x61 ./Core/Src/freertos.o
 .debug_macro   0x00014a9a       0x2a ./Core/Src/freertos.o
 .debug_macro   0x00014ac4       0x43 ./Core/Src/freertos.o
 .debug_macro   0x00014b07       0x34 ./Core/Src/freertos.o
 .debug_macro   0x00014b3b       0x16 ./Core/Src/freertos.o
 .debug_macro   0x00014b51       0x43 ./Core/Src/freertos.o
 .debug_macro   0x00014b94       0x34 ./Core/Src/freertos.o
 .debug_macro   0x00014bc8       0x10 ./Core/Src/freertos.o
 .debug_macro   0x00014bd8       0x58 ./Core/Src/freertos.o
 .debug_macro   0x00014c30       0x8e ./Core/Src/freertos.o
 .debug_macro   0x00014cbe       0x1c ./Core/Src/freertos.o
 .debug_macro   0x00014cda      0x177 ./Core/Src/freertos.o
 .debug_macro   0x00014e51       0x10 ./Core/Src/freertos.o
 .debug_macro   0x00014e61       0x35 ./Core/Src/freertos.o
 .debug_macro   0x00014e96      0x4bf ./Core/Src/freertos.o
 .debug_macro   0x00015355       0xb5 ./Core/Src/freertos.o
 .debug_macro   0x0001540a       0xaa ./Core/Src/freertos.o
 .debug_macro   0x000154b4       0x6c ./Core/Src/freertos.o
 .debug_macro   0x00015520       0x74 ./Core/Src/freertos.o
 .debug_macro   0x00015594       0xdd ./Core/Src/freertos.o
 .debug_macro   0x00015671       0x34 ./Core/Src/freertos.o
 .debug_macro   0x000156a5       0x28 ./Core/Src/freertos.o
 .debug_macro   0x000156cd      0x1e2 ./Core/Src/gpio.o
 .debug_macro   0x000158af      0x3b2 ./Core/Src/main.o
 .debug_macro   0x00015c61      0x16f ./Core/Src/main.o
 .debug_macro   0x00015dd0       0x66 ./Core/Src/main.o
 .debug_macro   0x00015e36       0x1c ./Core/Src/main.o
 .debug_macro   0x00015e52      0x369 ./Core/Src/main.o
 .debug_macro   0x000161bb       0x10 ./Core/Src/main.o
 .debug_macro   0x000161cb       0x1c ./Core/Src/main.o
 .debug_macro   0x000161e7       0x16 ./Core/Src/main.o
 .debug_macro   0x000161fd      0x146 ./Core/Src/main.o
 .debug_macro   0x00016343       0x22 ./Core/Src/main.o
 .debug_macro   0x00016365       0x3a ./Core/Src/main.o
 .debug_macro   0x0001639f      0x1d8 ./Core/Src/stm32f4xx_hal_msp.o
 .debug_macro   0x00016577      0x1ce ./Core/Src/stm32f4xx_hal_timebase_tim.o
 .debug_macro   0x00016745      0x1e2 ./Core/Src/stm32f4xx_it.o
 .debug_macro   0x00016927      0x1ce ./Core/Src/system_stm32f4xx.o
 .debug_macro   0x00016af5      0x1e2 ./Core/Src/tim.o
 .debug_macro   0x00016cd7      0x1e2 ./Core/Src/usart.o
 .debug_macro   0x00016eb9      0x22e ./Drivers/STM32F4xx_HAL_Driver/Src/stm32f4xx_hal.o
 .debug_macro   0x000170e7      0x1ce ./Drivers/STM32F4xx_HAL_Driver/Src/stm32f4xx_hal_cortex.o
 .debug_macro   0x000172b5      0x1d4 ./Drivers/STM32F4xx_HAL_Driver/Src/stm32f4xx_hal_dma.o
 .debug_macro   0x00017489      0x1d4 ./Drivers/STM32F4xx_HAL_Driver/Src/stm32f4xx_hal_gpio.o
 .debug_macro   0x0001765d      0x1f2 ./Drivers/STM32F4xx_HAL_Driver/Src/stm32f4xx_hal_rcc.o
 .debug_macro   0x0001784f      0x1cf ./Drivers/STM32F4xx_HAL_Driver/Src/stm32f4xx_hal_tim.o
 .debug_macro   0x00017a1e      0x1ce ./Drivers/STM32F4xx_HAL_Driver/Src/stm32f4xx_hal_tim_ex.o
 .debug_macro   0x00017bec      0x1cf ./Drivers/STM32F4xx_HAL_Driver/Src/stm32f4xx_hal_uart.o
 .debug_macro   0x00017dbb      0x3d7 ./Middlewares/Third_Party/FreeRTOS/Source/CMSIS_RTOS_V2/cmsis_os2.o
 .debug_macro   0x00018192       0x10 ./Middlewares/Third_Party/FreeRTOS/Source/CMSIS_RTOS_V2/cmsis_os2.o
 .debug_macro   0x000181a2       0x20 ./Middlewares/Third_Party/FreeRTOS/Source/CMSIS_RTOS_V2/cmsis_os2.o
 .debug_macro   0x000181c2       0x10 ./Middlewares/Third_Party/FreeRTOS/Source/CMSIS_RTOS_V2/cmsis_os2.o
 .debug_macro   0x000181d2       0xf5 ./Middlewares/Third_Party/FreeRTOS/Source/CMSIS_RTOS_V2/cmsis_os2.o
 .debug_macro   0x000182c7       0x16 ./Middlewares/Third_Party/FreeRTOS/Source/CMSIS_RTOS_V2/cmsis_os2.o
 .debug_macro   0x000182dd       0x91 ./Middlewares/Third_Party/FreeRTOS/Source/CMSIS_RTOS_V2/cmsis_os2.o
 .debug_macro   0x0001836e       0x8d ./Middlewares/Third_Party/FreeRTOS/Source/CMSIS_RTOS_V2/cmsis_os2.o
 .debug_macro   0x000183fb       0x9a ./Middlewares/Third_Party/FreeRTOS/Source/CMSIS_RTOS_V2/cmsis_os2.o
 .debug_macro   0x00018495       0x22 ./Middlewares/Third_Party/FreeRTOS/Source/CMSIS_RTOS_V2/cmsis_os2.o
 .debug_macro   0x000184b7       0x56 ./Middlewares/Third_Party/FreeRTOS/Source/CMSIS_RTOS_V2/cmsis_os2.o
 .debug_macro   0x0001850d      0x199 ./Middlewares/Third_Party/FreeRTOS/Source/list.o
 .debug_macro   0x000186a6      0x228 ./Middlewares/Third_Party/FreeRTOS/Source/queue.o
 .debug_macro   0x000188ce       0x16 ./Middlewares/Third_Party/FreeRTOS/Source/queue.o
 .debug_macro   0x000188e4       0x87 ./Middlewares/Third_Party/FreeRTOS/Source/queue.o
 .debug_macro   0x0001896b      0x291 ./Middlewares/Third_Party/FreeRTOS/Source/tasks.o
 .debug_macro   0x00018bfc       0x10 ./Middlewares/Third_Party/FreeRTOS/Source/tasks.o
 .debug_macro   0x00018c0c      0x1ee ./Middlewares/Third_Party/FreeRTOS/Source/timers.o
 .debug_macro   0x00018dfa       0x97 ./Middlewares/Third_Party/FreeRTOS/Source/timers.o
 .debug_macro   0x00018e91      0x233 ./Middlewares/Third_Party/FreeRTOS/Source/portable/GCC/ARM_CM4F/port.o
 .debug_macro   0x000190c4      0x1c0 ./Middlewares/Third_Party/FreeRTOS/Source/portable/MemMang/heap_4.o
 .debug_macro   0x00019284      0x20d ./app/Control_RC_Car.o
 .debug_macro   0x00019491      0x213 ./app/HC_SR04.o
 .debug_macro   0x000196a4      0x3c0 ./app/ap.o
 .debug_macro   0x00019a64       0x16 ./app/ap.o
 .debug_macro   0x00019a7a       0x9e ./app/ap.o
 .debug_macro   0x00019b18      0x10b ./app/ap.o
 .debug_macro   0x00019c23       0x16 ./app/ap.o
 .debug_macro   0x00019c39      0x1f0 ./app/delay_us.o
 .debug_macro   0x00019e29      0x1f1 ./app/motor.o

.debug_line     0x00000000    0x1bf2f
 .debug_line    0x00000000      0x74c ./Core/Src/dma.o
 .debug_line    0x0000074c      0xb19 ./Core/Src/freertos.o
 .debug_line    0x00001265      0x77a ./Core/Src/gpio.o
 .debug_line    0x000019df      0xba9 ./Core/Src/main.o
 .debug_line    0x00002588      0x750 ./Core/Src/stm32f4xx_hal_msp.o
 .debug_line    0x00002cd8      0x7bc ./Core/Src/stm32f4xx_hal_timebase_tim.o
 .debug_line    0x00003494      0x84c ./Core/Src/stm32f4xx_it.o
 .debug_line    0x00003ce0      0x7d3 ./Core/Src/system_stm32f4xx.o
 .debug_line    0x000044b3      0xa3e ./Core/Src/tim.o
 .debug_line    0x00004ef1      0x806 ./Core/Src/usart.o
 .debug_line    0x000056f7       0x7a ./Core/Startup/startup_stm32f411retx.o
 .debug_line    0x00005771      0xa3c ./Drivers/STM32F4xx_HAL_Driver/Src/stm32f4xx_hal.o
 .debug_line    0x000061ad      0xd2e ./Drivers/STM32F4xx_HAL_Driver/Src/stm32f4xx_hal_cortex.o
 .debug_line    0x00006edb      0xfac ./Drivers/STM32F4xx_HAL_Driver/Src/stm32f4xx_hal_dma.o
 .debug_line    0x00007e87      0xb8c ./Drivers/STM32F4xx_HAL_Driver/Src/stm32f4xx_hal_gpio.o
 .debug_line    0x00008a13      0xdc7 ./Drivers/STM32F4xx_HAL_Driver/Src/stm32f4xx_hal_rcc.o
 .debug_line    0x000097da     0x35ba ./Drivers/STM32F4xx_HAL_Driver/Src/stm32f4xx_hal_tim.o
 .debug_line    0x0000cd94     0x19cd ./Drivers/STM32F4xx_HAL_Driver/Src/stm32f4xx_hal_tim_ex.o